Archive member included to satisfy reference by file (symbol)

/home/martin/Documents/gcc-arm-none-eabi-8-2018-q4-major/bin/../lib/gcc/arm-none-eabi/8.2.1/../../../../arm-none-eabi/lib/thumb/v7e-m/nofp/libstdc++_nano.a(new_op.o)
                              ./qpOASES/src/Matrices.o (operator new(unsigned int))
/home/martin/Documents/gcc-arm-none-eabi-8-2018-q4-major/bin/../lib/gcc/arm-none-eabi/8.2.1/../../../../arm-none-eabi/lib/thumb/v7e-m/nofp/libstdc++_nano.a(del_op.o)
                              ./qpOASES/src/Bounds.o (operator delete(void*))
/home/martin/Documents/gcc-arm-none-eabi-8-2018-q4-major/bin/../lib/gcc/arm-none-eabi/8.2.1/../../../../arm-none-eabi/lib/thumb/v7e-m/nofp/libstdc++_nano.a(pure.o)
                              ./qpOASES/src/Matrices.o (__cxa_pure_virtual)
/home/martin/Documents/gcc-arm-none-eabi-8-2018-q4-major/bin/../lib/gcc/arm-none-eabi/8.2.1/../../../../arm-none-eabi/lib/thumb/v7e-m/nofp/libstdc++_nano.a(del_opv.o)
                              ./qpOASES/src/Bounds.o (operator delete[](void*))
/home/martin/Documents/gcc-arm-none-eabi-8-2018-q4-major/bin/../lib/gcc/arm-none-eabi/8.2.1/../../../../arm-none-eabi/lib/thumb/v7e-m/nofp/libstdc++_nano.a(new_handler.o)
                              /home/martin/Documents/gcc-arm-none-eabi-8-2018-q4-major/bin/../lib/gcc/arm-none-eabi/8.2.1/../../../../arm-none-eabi/lib/thumb/v7e-m/nofp/libstdc++_nano.a(new_op.o) (std::get_new_handler())
/home/martin/Documents/gcc-arm-none-eabi-8-2018-q4-major/bin/../lib/gcc/arm-none-eabi/8.2.1/../../../../arm-none-eabi/lib/thumb/v7e-m/nofp/libstdc++_nano.a(eh_terminate.o)
                              /home/martin/Documents/gcc-arm-none-eabi-8-2018-q4-major/bin/../lib/gcc/arm-none-eabi/8.2.1/../../../../arm-none-eabi/lib/thumb/v7e-m/nofp/libstdc++_nano.a(pure.o) (std::terminate())
/home/martin/Documents/gcc-arm-none-eabi-8-2018-q4-major/bin/../lib/gcc/arm-none-eabi/8.2.1/../../../../arm-none-eabi/lib/thumb/v7e-m/nofp/libstdc++_nano.a(new_opv.o)
                              ./qpOASES/src/Bounds.o (operator new[](unsigned int))
/home/martin/Documents/gcc-arm-none-eabi-8-2018-q4-major/bin/../lib/gcc/arm-none-eabi/8.2.1/../../../../arm-none-eabi/lib/thumb/v7e-m/nofp/libstdc++_nano.a(eh_term_handler.o)
                              /home/martin/Documents/gcc-arm-none-eabi-8-2018-q4-major/bin/../lib/gcc/arm-none-eabi/8.2.1/../../../../arm-none-eabi/lib/thumb/v7e-m/nofp/libstdc++_nano.a(eh_terminate.o) (__cxxabiv1::__terminate_handler)
/home/martin/Documents/gcc-arm-none-eabi-8-2018-q4-major/bin/../lib/gcc/arm-none-eabi/8.2.1/../../../../arm-none-eabi/lib/thumb/v7e-m/nofp/libstdc++_nano.a(eh_unex_handler.o)
                              /home/martin/Documents/gcc-arm-none-eabi-8-2018-q4-major/bin/../lib/gcc/arm-none-eabi/8.2.1/../../../../arm-none-eabi/lib/thumb/v7e-m/nofp/libstdc++_nano.a(eh_terminate.o) (__cxxabiv1::__unexpected_handler)
/home/martin/Documents/gcc-arm-none-eabi-8-2018-q4-major/bin/../lib/gcc/arm-none-eabi/8.2.1/../../../../arm-none-eabi/lib/thumb/v7e-m/nofp/libm.a(lib_a-s_cos.o)
                              ./Src/func.o (cos)
/home/martin/Documents/gcc-arm-none-eabi-8-2018-q4-major/bin/../lib/gcc/arm-none-eabi/8.2.1/../../../../arm-none-eabi/lib/thumb/v7e-m/nofp/libm.a(lib_a-s_fabs.o)
                              ./qpOASES/src/BLASReplacement.o (fabs)
/home/martin/Documents/gcc-arm-none-eabi-8-2018-q4-major/bin/../lib/gcc/arm-none-eabi/8.2.1/../../../../arm-none-eabi/lib/thumb/v7e-m/nofp/libm.a(lib_a-s_sin.o)
                              ./Src/func.o (sin)
/home/martin/Documents/gcc-arm-none-eabi-8-2018-q4-major/bin/../lib/gcc/arm-none-eabi/8.2.1/../../../../arm-none-eabi/lib/thumb/v7e-m/nofp/libm.a(lib_a-w_exp.o)
                              ./Src/func.o (exp)
/home/martin/Documents/gcc-arm-none-eabi-8-2018-q4-major/bin/../lib/gcc/arm-none-eabi/8.2.1/../../../../arm-none-eabi/lib/thumb/v7e-m/nofp/libm.a(lib_a-w_fmod.o)
                              ./Src/func.o (fmod)
/home/martin/Documents/gcc-arm-none-eabi-8-2018-q4-major/bin/../lib/gcc/arm-none-eabi/8.2.1/../../../../arm-none-eabi/lib/thumb/v7e-m/nofp/libm.a(lib_a-w_log10.o)
                              ./Src/func.o (log10)
/home/martin/Documents/gcc-arm-none-eabi-8-2018-q4-major/bin/../lib/gcc/arm-none-eabi/8.2.1/../../../../arm-none-eabi/lib/thumb/v7e-m/nofp/libm.a(lib_a-w_sqrt.o)
                              ./qpOASES/src/LAPACKReplacement.o (sqrt)
/home/martin/Documents/gcc-arm-none-eabi-8-2018-q4-major/bin/../lib/gcc/arm-none-eabi/8.2.1/../../../../arm-none-eabi/lib/thumb/v7e-m/nofp/libm.a(lib_a-e_exp.o)
                              /home/martin/Documents/gcc-arm-none-eabi-8-2018-q4-major/bin/../lib/gcc/arm-none-eabi/8.2.1/../../../../arm-none-eabi/lib/thumb/v7e-m/nofp/libm.a(lib_a-w_exp.o) (__ieee754_exp)
/home/martin/Documents/gcc-arm-none-eabi-8-2018-q4-major/bin/../lib/gcc/arm-none-eabi/8.2.1/../../../../arm-none-eabi/lib/thumb/v7e-m/nofp/libm.a(lib_a-e_fmod.o)
[...]
Memory Configuration

Name             Origin             Length             Attributes
RAM              0x0000000020000000 0x0000000000020000 xrw
CCMRAM           0x0000000010000000 0x0000000000010000 rw
FLASH            0x0000000008000000 0x0000000000100000 xr
*default*        0x0000000000000000 0xffffffffffffffff

Linker script and memory map

LOAD /home/martin/Documents/gcc-arm-none-eabi-8-2018-q4-major/bin/../lib/gcc/arm-none-eabi/8.2.1/thumb/v7e-m/nofp/crti.o
LOAD /home/martin/Documents/gcc-arm-none-eabi-8-2018-q4-major/bin/../lib/gcc/arm-none-eabi/8.2.1/thumb/v7e-m/nofp/crtbegin.o
LOAD /home/martin/Documents/gcc-arm-none-eabi-8-2018-q4-major/bin/../lib/gcc/arm-none-eabi/8.2.1/../../../../arm-none-eabi/lib/thumb/v7e-m/nofp/crt0.o
LOAD ./startup/startup_stm32f407xx.o
LOAD ./qpOASES/src/BLASReplacement.o
LOAD ./qpOASES/src/Bounds.o
LOAD ./qpOASES/src/Constraints.o
LOAD ./qpOASES/src/Flipper.o
LOAD ./qpOASES/src/Indexlist.o
LOAD ./qpOASES/src/LAPACKReplacement.o
LOAD ./qpOASES/src/Matrices.o
LOAD ./qpOASES/src/MessageHandling.o
LOAD ./qpOASES/src/OQPinterface.o
LOAD ./qpOASES/src/Options.o
LOAD ./qpOASES/src/QProblem.o
LOAD ./qpOASES/src/QProblemB.o
LOAD ./qpOASES/src/SQProblem.o
LOAD ./qpOASES/src/SQProblemSchur.o
LOAD ./qpOASES/src/SolutionAnalysis.o
LOAD ./qpOASES/src/SparseSolver.o
LOAD ./qpOASES/src/SubjectTo.o
LOAD ./qpOASES/src/Utils.o
LOAD ./qpOASES/src/qpOASES_wrapper.o
LOAD ./Src/MPC_setup.o
LOAD ./Src/func.o
LOAD ./Src/main.o
LOAD ./Src/stm32f4xx_hal_msp.o
LOAD ./Src/stm32f4xx_it.o
LOAD ./Src/syscalls.o
LOAD ./Src/system_stm32f4xx.o
LOAD ./Src/tiny_ekf.o
LOAD ./Drivers/STM32F4xx_HAL_Driver/Src/stm32f4xx_hal.o
LOAD ./Drivers/STM32F4xx_HAL_Driver/Src/stm32f4xx_hal_adc.o
LOAD ./Drivers/STM32F4xx_HAL_Driver/Src/stm32f4xx_hal_adc_ex.o
LOAD ./Drivers/STM32F4xx_HAL_Driver/Src/stm32f4xx_hal_cortex.o
LOAD ./Drivers/STM32F4xx_HAL_Driver/Src/stm32f4xx_hal_dma.o
LOAD ./Drivers/STM32F4xx_HAL_Driver/Src/stm32f4xx_hal_dma_ex.o
LOAD ./Drivers/STM32F4xx_HAL_Driver/Src/stm32f4xx_hal_flash.o
LOAD ./Drivers/STM32F4xx_HAL_Driver/Src/stm32f4xx_hal_flash_ex.o
LOAD ./Drivers/STM32F4xx_HAL_Driver/Src/stm32f4xx_hal_flash_ramfunc.o
LOAD ./Drivers/STM32F4xx_HAL_Driver/Src/stm32f4xx_hal_gpio.o
LOAD ./Drivers/STM32F4xx_HAL_Driver/Src/stm32f4xx_hal_pwr.o
LOAD ./Drivers/STM32F4xx_HAL_Driver/Src/stm32f4xx_hal_pwr_ex.o
LOAD ./Drivers/STM32F4xx_HAL_Driver/Src/stm32f4xx_hal_rcc.o
LOAD ./Drivers/STM32F4xx_HAL_Driver/Src/stm32f4xx_hal_rcc_ex.o
LOAD ./Drivers/STM32F4xx_HAL_Driver/Src/stm32f4xx_hal_tim.o
LOAD ./Drivers/STM32F4xx_HAL_Driver/Src/stm32f4xx_hal_tim_ex.o
LOAD /home/martin/Documents/gcc-arm-none-eabi-8-2018-q4-major/bin/../lib/gcc/arm-none-eabi/8.2.1/../../../../arm-none-eabi/lib/thumb/v7e-m/nofp/libstdc++_nano.a
LOAD /home/martin/Documents/gcc-arm-none-eabi-8-2018-q4-major/bin/../lib/gcc/arm-none-eabi/8.2.1/../../../../arm-none-eabi/lib/thumb/v7e-m/nofp/libm.a
START GROUP
LOAD /home/martin/Documents/gcc-arm-none-eabi-8-2018-q4-major/bin/../lib/gcc/arm-none-eabi/8.2.1/thumb/v7e-m/nofp/libgcc.a
LOAD /home/martin/Documents/gcc-arm-none-eabi-8-2018-q4-major/bin/../lib/gcc/arm-none-eabi/8.2.1/../../../../arm-none-eabi/lib/thumb/v7e-m/nofp/libg_nano.a
LOAD /home/martin/Documents/gcc-arm-none-eabi-8-2018-q4-major/bin/../lib/gcc/arm-none-eabi/8.2.1/../../../../arm-none-eabi/lib/thumb/v7e-m/nofp/libc_nano.a
END GROUP
START GROUP
LOAD /home/martin/Documents/gcc-arm-none-eabi-8-2018-q4-major/bin/../lib/gcc/arm-none-eabi/8.2.1/thumb/v7e-m/nofp/libgcc.a
LOAD /home/martin/Documents/gcc-arm-none-eabi-8-2018-q4-major/bin/../lib/gcc/arm-none-eabi/8.2.1/../../../../arm-none-eabi/lib/thumb/v7e-m/nofp/libc_nano.a
END GROUP
LOAD /home/martin/Documents/gcc-arm-none-eabi-8-2018-q4-major/bin/../lib/gcc/arm-none-eabi/8.2.1/thumb/v7e-m/nofp/crtend.o
LOAD /home/martin/Documents/gcc-arm-none-eabi-8-2018-q4-major/bin/../lib/gcc/arm-none-eabi/8.2.1/thumb/v7e-m/nofp/crtn.o
                0x0000000020020000                _estack = 0x20020000
                0x0000000000000200                _Min_Heap_Size = 0x200
                0x0000000000000400                _Min_Stack_Size = 0x400

.isr_vector     0x0000000008000000      0x188
                0x0000000008000000                . = ALIGN (0x4)
 *(.isr_vector)
 .isr_vector    0x0000000008000000      0x188 ./startup/startup_stm32f407xx.o
                0x0000000008000000                g_pfnVectors
                0x0000000008000188                . = ALIGN (0x4)

.text           0x0000000008000190    0x1fa88
                0x0000000008000190                . = ALIGN (0x4)
 *(.text)
 .text          0x0000000008000190       0x40 /home/martin/Documents/gcc-arm-none-eabi-8-2018-q4-major/bin/../lib/gcc/arm-none-eabi/8.2.1/thumb/v7e-m/nofp/crtbegin.o
 .text          0x00000000080001d0      0x378 /home/martin/Documents/gcc-arm-none-eabi-8-2018-q4-major/bin/../lib/gcc/arm-none-eabi/8.2.1/thumb/v7e-m/nofp/libgcc.a(_arm_addsubdf3.o)
                0x00000000080001d0                __aeabi_drsub
                0x00000000080001d8                __aeabi_dsub
                0x00000000080001d8                __subdf3
                0x00000000080001dc                __adddf3
                0x00000000080001dc                __aeabi_dadd
                0x0000000008000454                __aeabi_ui2d
                0x0000000008000454                __floatunsidf
                0x0000000008000474                __floatsidf
                0x0000000008000474                __aeabi_i2d
                0x0000000008000498                __extendsfdf2
                0x0000000008000498                __aeabi_f2d
                0x00000000080004dc                __aeabi_ul2d
                0x00000000080004dc                __floatundidf
                0x00000000080004ec                __floatdidf
                0x00000000080004ec                __aeabi_l2d
 .text          0x0000000008000548      0x424 /home/martin/Documents/gcc-arm-none-eabi-8-2018-q4-major/bin/../lib/gcc/arm-none-eabi/8.2.1/thumb/v7e-m/nofp/libgcc.a(_arm_muldivdf3.o)
                0x0000000008000548                __aeabi_dmul
                0x0000000008000548                __muldf3
                0x000000000800079c                __aeabi_ddiv
                0x000000000800079c                __divdf3
 .text          0x000000000800096c      0x110 /home/martin/Documents/gcc-arm-none-eabi-8-2018-q4-major/bin/../lib/gcc/arm-none-eabi/8.2.1/thumb/v7e-m/nofp/libgcc.a(_arm_cmpdf2.o)
                0x000000000800096c                __gtdf2
                0x000000000800096c                __gedf2
                0x0000000008000974                __ltdf2
                0x0000000008000974                __ledf2
                0x000000000800097c                __cmpdf2
                0x000000000800097c                __eqdf2
                0x000000000800097c                __nedf2
                0x00000000080009f8                __aeabi_cdrcmple
                0x0000000008000a08                __aeabi_cdcmple
                0x0000000008000a08                __aeabi_cdcmpeq
                0x0000000008000a18                __aeabi_dcmpeq
                0x0000000008000a2c                __aeabi_dcmplt
                0x0000000008000a40                __aeabi_dcmple
                0x0000000008000a54                __aeabi_dcmpge
                0x0000000008000a68                __aeabi_dcmpgt
 .text          0x0000000008000a7c       0x2c /home/martin/Documents/gcc-arm-none-eabi-8-2018-q4-major/bin/../lib/gcc/arm-none-eabi/8.2.1/thumb/v7e-m/nofp/libgcc.a(_arm_unorddf2.o)
                0x0000000008000a7c                __aeabi_dcmpun
                0x0000000008000a7c                __unorddf2
 .text          0x0000000008000aa8       0x50 /home/martin/Documents/gcc-arm-none-eabi-8-2018-q4-major/bin/../lib/gcc/arm-none-eabi/8.2.1/thumb/v7e-m/nofp/libgcc.a(_arm_fixdfsi.o)
                0x0000000008000aa8                __fixdfsi
                0x0000000008000aa8                __aeabi_d2iz
 .text          0x0000000008000af8       0x30 /home/martin/Documents/gcc-arm-none-eabi-8-2018-q4-major/bin/../lib/gcc/arm-none-eabi/8.2.1/thumb/v7e-m/nofp/libgcc.a(_aeabi_uldivmod.o)
                0x0000000008000af8                __aeabi_uldivmod
 .text          0x0000000008000b28      0x2d0 /home/martin/Documents/gcc-arm-none-eabi-8-2018-q4-major/bin/../lib/gcc/arm-none-eabi/8.2.1/thumb/v7e-m/nofp/libgcc.a(_udivmoddi4.o)
                0x0000000008000b28                __udivmoddi4
 .text          0x0000000008000df8        0x4 /home/martin/Documents/gcc-arm-none-eabi-8-2018-q4-major/bin/../lib/gcc/arm-none-eabi/8.2.1/thumb/v7e-m/nofp/libgcc.a(_dvmd_tls.o)
                0x0000000008000df8                __aeabi_ldiv0
                0x0000000008000df8                __aeabi_idiv0
 .text          0x0000000008000dfc       0x10 /home/martin/Documents/gcc-arm-none-eabi-8-2018-q4-major/bin/../lib/gcc/arm-none-eabi/8.2.1/../../../../arm-none-eabi/lib/thumb/v7e-m/nofp/libg_nano.a(lib_a-strlen.o)
                0x0000000008000dfc                strlen
 *fill*         0x0000000008000e0c        0x4 
 .text          0x0000000008000e10       0xa0 /home/martin/Documents/gcc-arm-none-eabi-8-2018-q4-major/bin/../lib/gcc/arm-none-eabi/8.2.1/../../../../arm-none-eabi/lib/thumb/v7e-m/nofp/libg_nano.a(lib_a-memchr.o)
                0x0000000008000e10                memchr
 *(.text*)
 .text.Reset_Handler
                0x0000000008000eb0       0x50 ./startup/startup_stm32f407xx.o
                0x0000000008000eb0                Reset_Handler
 .text.Default_Handler
                0x0000000008000f00        0x2 ./startup/startup_stm32f407xx.o
                0x0000000008000f00                RTC_Alarm_IRQHandler
                0x0000000008000f00                HASH_RNG_IRQHandler
                0x0000000008000f00                EXTI2_IRQHandler
                0x0000000008000f00                TIM8_CC_IRQHandler
                0x0000000008000f00                TIM1_CC_IRQHandler
                0x0000000008000f00                DMA2_Stream5_IRQHandler
                0x0000000008000f00                DMA1_Stream5_IRQHandler
                0x0000000008000f00                PVD_IRQHandler
                0x0000000008000f00                SDIO_IRQHandler
                0x0000000008000f00                TAMP_STAMP_IRQHandler
                0x0000000008000f00                CAN2_RX1_IRQHandler
                0x0000000008000f00                EXTI3_IRQHandler
                0x0000000008000f00                TIM8_TRG_COM_TIM14_IRQHandler
                0x0000000008000f00                TIM1_UP_TIM10_IRQHandler
                0x0000000008000f00                TIM8_UP_TIM13_IRQHandler
                0x0000000008000f00                I2C3_ER_IRQHandler
                0x0000000008000f00                EXTI0_IRQHandler
                0x0000000008000f00                I2C2_EV_IRQHandler
                0x0000000008000f00                DMA1_Stream2_IRQHandler
                0x0000000008000f00                CAN1_RX0_IRQHandler
                0x0000000008000f00                FPU_IRQHandler
                0x0000000008000f00                OTG_HS_WKUP_IRQHandler
                0x0000000008000f00                CAN2_SCE_IRQHandler
                0x0000000008000f00                DMA2_Stream2_IRQHandler
                0x0000000008000f00                SPI1_IRQHandler
                0x0000000008000f00                TIM6_DAC_IRQHandler
                0x0000000008000f00                TIM1_BRK_TIM9_IRQHandler
                0x0000000008000f00                DCMI_IRQHandler
                0x0000000008000f00                CAN2_RX0_IRQHandler
                0x0000000008000f00                DMA2_Stream3_IRQHandler
                0x0000000008000f00                USART6_IRQHandler
                0x0000000008000f00                USART3_IRQHandler
                0x0000000008000f00                CAN1_RX1_IRQHandler
                0x0000000008000f00                UART5_IRQHandler
                0x0000000008000f00                DMA2_Stream0_IRQHandler
                0x0000000008000f00                TIM4_IRQHandler
                0x0000000008000f00                I2C1_EV_IRQHandler
                0x0000000008000f00                DMA1_Stream6_IRQHandler
                0x0000000008000f00                DMA1_Stream1_IRQHandler
                0x0000000008000f00                UART4_IRQHandler
                0x0000000008000f00                TIM3_IRQHandler
                0x0000000008000f00                RCC_IRQHandler
                0x0000000008000f00                TIM8_BRK_TIM12_IRQHandler
                0x0000000008000f00                Default_Handler
                0x0000000008000f00                ADC_IRQHandler
                0x0000000008000f00                DMA1_Stream7_IRQHandler
                0x0000000008000f00                TIM7_IRQHandler
                0x0000000008000f00                CAN2_TX_IRQHandler
                0x0000000008000f00                DMA2_Stream7_IRQHandler
                0x0000000008000f00                I2C3_EV_IRQHandler
                0x0000000008000f00                RTC_WKUP_IRQHandler
                0x0000000008000f00                ETH_WKUP_IRQHandler
                0x0000000008000f00                SPI2_IRQHandler
                0x0000000008000f00                OTG_HS_EP1_IN_IRQHandler
                0x0000000008000f00                DMA1_Stream0_IRQHandler
                0x0000000008000f00                CAN1_TX_IRQHandler
                0x0000000008000f00                EXTI4_IRQHandler
                0x0000000008000f00                FSMC_IRQHandler
                0x0000000008000f00                ETH_IRQHandler
                0x0000000008000f00                OTG_HS_EP1_OUT_IRQHandler
                0x0000000008000f00                WWDG_IRQHandler
                0x0000000008000f00                TIM2_IRQHandler
                0x0000000008000f00                OTG_FS_WKUP_IRQHandler
                0x0000000008000f00                TIM1_TRG_COM_TIM11_IRQHandler
                0x0000000008000f00                OTG_HS_IRQHandler
                0x0000000008000f00                EXTI1_IRQHandler
                0x0000000008000f00                USART2_IRQHandler
                0x0000000008000f00                I2C2_ER_IRQHandler
                0x0000000008000f00                DMA2_Stream1_IRQHandler
                0x0000000008000f00                CAN1_SCE_IRQHandler
                0x0000000008000f00                FLASH_IRQHandler
                0x0000000008000f00                DMA2_Stream4_IRQHandler
                0x0000000008000f00                USART1_IRQHandler
                0x0000000008000f00                OTG_FS_IRQHandler
                0x0000000008000f00                SPI3_IRQHandler
                0x0000000008000f00                DMA1_Stream4_IRQHandler
                0x0000000008000f00                I2C1_ER_IRQHandler
                0x0000000008000f00                DMA2_Stream6_IRQHandler
                0x0000000008000f00                DMA1_Stream3_IRQHandler
 *fill*         0x0000000008000f02        0x6 
 .text.dgemm_   0x0000000008000f08      0x4b4 ./qpOASES/src/BLASReplacement.o
                0x0000000008000f08                dgemm_
 .text._ZN7qpOASES6BoundsD2Ev
                0x00000000080013bc       0x24 ./qpOASES/src/Bounds.o
                0x00000000080013bc                qpOASES::Bounds::~Bounds()
                0x00000000080013bc                qpOASES::Bounds::~Bounds()
 .text._ZN7qpOASES6BoundsD0Ev
                0x00000000080013e0       0x12 ./qpOASES/src/Bounds.o
                0x00000000080013e0                qpOASES::Bounds::~Bounds()
 *fill*         0x00000000080013f2        0x2 
 .text._ZN7qpOASES6Bounds5shiftEi
                0x00000000080013f4      0x214 ./qpOASES/src/Bounds.o
                0x00000000080013f4                qpOASES::Bounds::shift(int)
 .text._ZN7qpOASES6Bounds6rotateEi
                0x0000000008001608      0x2c0 ./qpOASES/src/Bounds.o
                0x0000000008001608                qpOASES::Bounds::rotate(int)
 .text._ZN7qpOASES6BoundsC2Ev
                0x00000000080018c8       0x24 ./qpOASES/src/Bounds.o
                0x00000000080018c8                qpOASES::Bounds::Bounds()
                0x00000000080018c8                qpOASES::Bounds::Bounds()
 .text._ZN7qpOASES6Bounds4initEi
                0x00000000080018ec       0x4c ./qpOASES/src/Bounds.o
                0x00000000080018ec                qpOASES::Bounds::init(int)
 .text._ZN7qpOASES6BoundsC2Ei
                0x0000000008001938       0x30 ./qpOASES/src/Bounds.o
                0x0000000008001938                qpOASES::Bounds::Bounds(int)
                0x0000000008001938                qpOASES::Bounds::Bounds(int)
 .text._ZN7qpOASES6Bounds10setupBoundEiNS_15SubjectToStatusE
                0x0000000008001968       0xe8 ./qpOASES/src/Bounds.o
                0x0000000008001968                qpOASES::Bounds::setupBound(int, qpOASES::SubjectToStatus)
 .text._ZN7qpOASES6Bounds15moveFixedToFreeEi
                0x0000000008001a50       0x90 ./qpOASES/src/Bounds.o
                0x0000000008001a50                qpOASES::Bounds::moveFixedToFree(int)
 .text._ZN7qpOASES6Bounds15moveFreeToFixedEiNS_15SubjectToStatusE
                0x0000000008001ae0       0x90 ./qpOASES/src/Bounds.o
                0x0000000008001ae0                qpOASES::Bounds::moveFreeToFixed(int, qpOASES::SubjectToStatus)
 .text._ZN7qpOASES6Bounds9flipFixedEi
                0x0000000008001b70       0x78 ./qpOASES/src/Bounds.o
                0x0000000008001b70                qpOASES::Bounds::flipFixed(int)
 .text._ZN7qpOASES6Bounds8swapFreeEii
                0x0000000008001be8       0x4c ./qpOASES/src/Bounds.o
                0x0000000008001be8                qpOASES::Bounds::swapFree(int, int)
 .text._ZN7qpOASES6Bounds4copyERKS0_
                0x0000000008001c34       0x1e ./qpOASES/src/Bounds.o
                0x0000000008001c34                qpOASES::Bounds::copy(qpOASES::Bounds const&)
 .text._ZN7qpOASES6BoundsaSERKS0_
                0x0000000008001c52       0x1a ./qpOASES/src/Bounds.o
                0x0000000008001c52                qpOASES::Bounds::operator=(qpOASES::Bounds const&)
 .text._ZN7qpOASES6Bounds8setupAllENS_15SubjectToStatusE
                0x0000000008001c6c      0x12c ./qpOASES/src/Bounds.o
                0x0000000008001c6c                qpOASES::Bounds::setupAll(qpOASES::SubjectToStatus)
 .text._ZN7qpOASES6Bounds12setupAllFreeEv
                0x0000000008001d98        0xa ./qpOASES/src/Bounds.o
                0x0000000008001d98                qpOASES::Bounds::setupAllFree()
 *fill*         0x0000000008001da2        0x2 
 .text._ZN7qpOASES11ConstraintsD2Ev
                0x0000000008001da4       0x24 ./qpOASES/src/Constraints.o
                0x0000000008001da4                qpOASES::Constraints::~Constraints()
                0x0000000008001da4                qpOASES::Constraints::~Constraints()
 .text._ZN7qpOASES11ConstraintsD0Ev
                0x0000000008001dc8       0x12 ./qpOASES/src/Constraints.o
                0x0000000008001dc8                qpOASES::Constraints::~Constraints()
 *fill*         0x0000000008001dda        0x2 
 .text._ZN7qpOASES11Constraints5shiftEi
                0x0000000008001ddc      0x214 ./qpOASES/src/Constraints.o
                0x0000000008001ddc                qpOASES::Constraints::shift(int)
 .text._ZN7qpOASES11Constraints6rotateEi
                0x0000000008001ff0      0x2c0 ./qpOASES/src/Constraints.o
                0x0000000008001ff0                qpOASES::Constraints::rotate(int)
 .text._ZN7qpOASES11ConstraintsC2Ev
                0x00000000080022b0       0x24 ./qpOASES/src/Constraints.o
                0x00000000080022b0                qpOASES::Constraints::Constraints()
                0x00000000080022b0                qpOASES::Constraints::Constraints()
 .text._ZN7qpOASES11Constraints4initEi
                0x00000000080022d4       0x4c ./qpOASES/src/Constraints.o
                0x00000000080022d4                qpOASES::Constraints::init(int)
 .text._ZN7qpOASES11ConstraintsC2Ei
                0x0000000008002320       0x30 ./qpOASES/src/Constraints.o
                0x0000000008002320                qpOASES::Constraints::Constraints(int)
                0x0000000008002320                qpOASES::Constraints::Constraints(int)
 .text._ZN7qpOASES11Constraints15setupConstraintEiNS_15SubjectToStatusE
                0x0000000008002350       0xe8 ./qpOASES/src/Constraints.o
                0x0000000008002350                qpOASES::Constraints::setupConstraint(int, qpOASES::SubjectToStatus)
 .text._ZN7qpOASES11Constraints20moveActiveToInactiveEi
                0x0000000008002438       0x90 ./qpOASES/src/Constraints.o
                0x0000000008002438                qpOASES::Constraints::moveActiveToInactive(int)
 .text._ZN7qpOASES11Constraints20moveInactiveToActiveEiNS_15SubjectToStatusE
                0x00000000080024c8       0x90 ./qpOASES/src/Constraints.o
                0x00000000080024c8                qpOASES::Constraints::moveInactiveToActive(int, qpOASES::SubjectToStatus)
 .text._ZN7qpOASES11Constraints9flipFixedEi
                0x0000000008002558       0x78 ./qpOASES/src/Constraints.o
                0x0000000008002558                qpOASES::Constraints::flipFixed(int)
 .text._ZN7qpOASES11Constraints4copyERKS0_
                0x00000000080025d0       0x1e ./qpOASES/src/Constraints.o
                0x00000000080025d0                qpOASES::Constraints::copy(qpOASES::Constraints const&)
 .text._ZN7qpOASES11ConstraintsaSERKS0_
                0x00000000080025ee       0x1a ./qpOASES/src/Constraints.o
                0x00000000080025ee                qpOASES::Constraints::operator=(qpOASES::Constraints const&)
 .text._ZN7qpOASES11Constraints8setupAllENS_15SubjectToStatusE
                0x0000000008002608      0x12c ./qpOASES/src/Constraints.o
                0x0000000008002608                qpOASES::Constraints::setupAll(qpOASES::SubjectToStatus)
 .text._ZN7qpOASES11Constraints16setupAllInactiveEv
                0x0000000008002734        0xa ./qpOASES/src/Constraints.o
                0x0000000008002734                qpOASES::Constraints::setupAllInactive()
 .text._ZN7qpOASES7Flipper5clearEv
                0x000000000800273e       0x38 ./qpOASES/src/Flipper.o
                0x000000000800273e                qpOASES::Flipper::clear()
 .text._ZN7qpOASES7Flipper4initEjj
                0x0000000008002776       0x14 ./qpOASES/src/Flipper.o
                0x0000000008002776                qpOASES::Flipper::init(unsigned int, unsigned int)
 .text._ZN7qpOASES7FlipperC2Ev
                0x000000000800278a       0x2c ./qpOASES/src/Flipper.o
                0x000000000800278a                qpOASES::Flipper::Flipper()
                0x000000000800278a                qpOASES::Flipper::Flipper()
 .text._ZNK7qpOASES7Flipper7getDimTEv
                0x00000000080027b6       0x14 ./qpOASES/src/Flipper.o
                0x00000000080027b6                qpOASES::Flipper::getDimT() const
 .text._ZNK7qpOASES7Flipper3getEPNS_6BoundsEPdPNS_11ConstraintsES3_S3_
                0x00000000080027ca       0x6c ./qpOASES/src/Flipper.o
                0x00000000080027ca                qpOASES::Flipper::get(qpOASES::Bounds*, double*, qpOASES::Constraints*, double*, double*) const
 .text._ZN7qpOASES7Flipper3setEPKNS_6BoundsEPKdPKNS_11ConstraintsES5_S5_
                0x0000000008002836       0xce ./qpOASES/src/Flipper.o
                0x0000000008002836                qpOASES::Flipper::set(qpOASES::Bounds const*, double const*, qpOASES::Constraints const*, double const*, double const*)
 .text._ZN7qpOASES7Flipper4copyERKS0_
                0x0000000008002904       0x24 ./qpOASES/src/Flipper.o
                0x0000000008002904                qpOASES::Flipper::copy(qpOASES::Flipper const&)
 .text._ZN7qpOASES7FlipperaSERKS0_
                0x0000000008002928       0x1a ./qpOASES/src/Flipper.o
                0x0000000008002928                qpOASES::Flipper::operator=(qpOASES::Flipper const&)
 .text._ZN7qpOASES7FlipperD2Ev
                0x0000000008002942       0x1c ./qpOASES/src/Flipper.o
                0x0000000008002942                qpOASES::Flipper::~Flipper()
                0x0000000008002942                qpOASES::Flipper::~Flipper()
 *fill*         0x000000000800295e        0x2 
 .text._ZNK7qpOASES9Indexlist14getNumberArrayEPPi
                0x0000000008002960       0x38 ./qpOASES/src/Indexlist.o
                0x0000000008002960                qpOASES::Indexlist::getNumberArray(int**) const
 .text._ZN7qpOASES9Indexlist5clearEv
                0x0000000008002998       0x20 ./qpOASES/src/Indexlist.o
                0x0000000008002998                qpOASES::Indexlist::clear()
 .text._ZN7qpOASES9IndexlistD2Ev
                0x00000000080029b8        0xc ./qpOASES/src/Indexlist.o
                0x00000000080029b8                qpOASES::Indexlist::~Indexlist()
                0x00000000080029b8                qpOASES::Indexlist::~Indexlist()
 .text._ZN7qpOASES9Indexlist4initEi
                0x00000000080029c4       0x68 ./qpOASES/src/Indexlist.o
                0x00000000080029c4                qpOASES::Indexlist::init(int)
 .text._ZN7qpOASES9IndexlistC2Ev
                0x0000000008002a2c       0x12 ./qpOASES/src/Indexlist.o
                0x0000000008002a2c                qpOASES::Indexlist::Indexlist()
                0x0000000008002a2c                qpOASES::Indexlist::Indexlist()
 .text._ZN7qpOASES9IndexlistC2Ei
                0x0000000008002a3e       0x12 ./qpOASES/src/Indexlist.o
                0x0000000008002a3e                qpOASES::Indexlist::Indexlist(int)
                0x0000000008002a3e                qpOASES::Indexlist::Indexlist(int)
 .text._ZN7qpOASES9Indexlist4copyERKS0_
                0x0000000008002a50       0x7c ./qpOASES/src/Indexlist.o
                0x0000000008002a50                qpOASES::Indexlist::copy(qpOASES::Indexlist const&)
 .text._ZN7qpOASES9IndexlistaSERKS0_
                0x0000000008002acc       0x1a ./qpOASES/src/Indexlist.o
                0x0000000008002acc                qpOASES::Indexlist::operator=(qpOASES::Indexlist const&)
 .text._ZNK7qpOASES9Indexlist10findInsertEi
                0x0000000008002ae6       0x5e ./qpOASES/src/Indexlist.o
                0x0000000008002ae6                qpOASES::Indexlist::findInsert(int) const
 .text._ZNK7qpOASES9Indexlist8getIndexEi
                0x0000000008002b44       0x22 ./qpOASES/src/Indexlist.o
                0x0000000008002b44                qpOASES::Indexlist::getIndex(int) const
 *fill*         0x0000000008002b66        0x2 
 .text._ZN7qpOASES9Indexlist9addNumberEi
                0x0000000008002b68       0x6c ./qpOASES/src/Indexlist.o
                0x0000000008002b68                qpOASES::Indexlist::addNumber(int)
 .text._ZN7qpOASES9Indexlist12removeNumberEi
                0x0000000008002bd4       0x86 ./qpOASES/src/Indexlist.o
                0x0000000008002bd4                qpOASES::Indexlist::removeNumber(int)
 *fill*         0x0000000008002c5a        0x2 
 .text._ZN7qpOASES9Indexlist11swapNumbersEii
                0x0000000008002c5c       0x88 ./qpOASES/src/Indexlist.o
                0x0000000008002c5c                qpOASES::Indexlist::swapNumbers(int, int)
 .text.dpotrf_  0x0000000008002ce4      0x118 ./qpOASES/src/LAPACKReplacement.o
                0x0000000008002ce4                dpotrf_
 .text._ZNK7qpOASES11DenseMatrix4diagEi
                0x0000000008002dfc       0x12 ./qpOASES/src/Matrices.o
                0x0000000008002dfc                qpOASES::DenseMatrix::diag(int) const
 .text._ZTv0_n24_NK7qpOASES11DenseMatrix4diagEi
                0x0000000008002e0e       0x12 ./qpOASES/src/Matrices.o
                0x0000000008002e0e                virtual thunk to qpOASES::DenseMatrix::diag(int) const
 .text._ZN7qpOASES11DenseMatrix9addToDiagEd
                0x0000000008002e20       0x46 ./qpOASES/src/Matrices.o
                0x0000000008002e20                qpOASES::DenseMatrix::addToDiag(double)
 .text._ZTv0_n80_N7qpOASES11DenseMatrix9addToDiagEd
                0x0000000008002e66       0x12 ./qpOASES/src/Matrices.o
                0x0000000008002e66                virtual thunk to qpOASES::DenseMatrix::addToDiag(double)
 .text._ZNK7qpOASES11SymDenseMat9duplicateEv
                0x0000000008002e78       0x1a ./qpOASES/src/Matrices.o
                0x0000000008002e78                qpOASES::SymDenseMat::duplicate() const
 .text._ZTv0_n20_NK7qpOASES11SymDenseMat9duplicateEv
                0x0000000008002e92       0x12 ./qpOASES/src/Matrices.o
                0x0000000008002e92                virtual thunk to qpOASES::SymDenseMat::duplicate() const
 .text._ZNK7qpOASES12SparseMatrix6isDiagEv
                0x0000000008002ea4       0x44 ./qpOASES/src/Matrices.o
                0x0000000008002ea4                qpOASES::SparseMatrix::isDiag() const
 .text._ZTv0_n28_NK7qpOASES12SparseMatrix6isDiagEv
                0x0000000008002ee8       0x12 ./qpOASES/src/Matrices.o
                0x0000000008002ee8                virtual thunk to qpOASES::SparseMatrix::isDiag() const
 .text._ZNK7qpOASES12SymSparseMat9duplicateEv
                0x0000000008002efa       0x1a ./qpOASES/src/Matrices.o
                0x0000000008002efa                qpOASES::SymSparseMat::duplicate() const
 .text._ZTv0_n20_NK7qpOASES12SymSparseMat9duplicateEv
                0x0000000008002f14       0x12 ./qpOASES/src/Matrices.o
                0x0000000008002f14                virtual thunk to qpOASES::SymSparseMat::duplicate() const
 .text._ZThn4_NK7qpOASES12SymSparseMat9duplicateEv
                0x0000000008002f26        0x8 ./qpOASES/src/Matrices.o
                0x0000000008002f26                non-virtual thunk to qpOASES::SymSparseMat::duplicate() const
 .text._ZNK7qpOASES6Matrix18getSparseSubmatrixEPKNS_9IndexlistES3_iiRiPiS5_PdNS_11BooleanTypeE
                0x0000000008002f2e       0x54 ./qpOASES/src/Matrices.o
                0x0000000008002f2e                qpOASES::Matrix::getSparseSubmatrix(qpOASES::Indexlist const*, qpOASES::Indexlist const*, int, int, int&, int*, int*, double*, qpOASES::BooleanType) const
 .text._ZNK7qpOASES6Matrix18getSparseSubmatrixEPKNS_9IndexlistEiiiRiPiS5_PdNS_11BooleanTypeE
                0x0000000008002f82       0x46 ./qpOASES/src/Matrices.o
                0x0000000008002f82                qpOASES::Matrix::getSparseSubmatrix(qpOASES::Indexlist const*, int, int, int, int&, int*, int*, double*, qpOASES::BooleanType) const
 .text._ZNK7qpOASES6Matrix18getSparseSubmatrixEiPKNS_9IndexlistEiiRiPiS5_PdNS_11BooleanTypeE
                0x0000000008002fc8       0x46 ./qpOASES/src/Matrices.o
                0x0000000008002fc8                qpOASES::Matrix::getSparseSubmatrix(int, qpOASES::Indexlist const*, int, int, int&, int*, int*, double*, qpOASES::BooleanType) const
 .text._ZN7qpOASES11DenseMatrix4freeEv
                0x000000000800300e       0x12 ./qpOASES/src/Matrices.o
                0x000000000800300e                qpOASES::DenseMatrix::free()
 .text._ZTv0_n16_N7qpOASES11DenseMatrix4freeEv
                0x0000000008003020       0x12 ./qpOASES/src/Matrices.o
                0x0000000008003020                virtual thunk to qpOASES::DenseMatrix::free()
 *fill*         0x0000000008003032        0x2 
 .text._ZN7qpOASES11DenseMatrixD1Ev
                0x0000000008003034       0x24 ./qpOASES/src/Matrices.o
                0x0000000008003034                qpOASES::DenseMatrix::~DenseMatrix()
 .text._ZTv0_n12_N7qpOASES11DenseMatrixD1Ev
                0x0000000008003058       0x12 ./qpOASES/src/Matrices.o
                0x0000000008003058                virtual thunk to qpOASES::DenseMatrix::~DenseMatrix()
 .text._ZN7qpOASES11DenseMatrixD0Ev
                0x000000000800306a       0x12 ./qpOASES/src/Matrices.o
                0x000000000800306a                qpOASES::DenseMatrix::~DenseMatrix()
 .text._ZTv0_n12_N7qpOASES11DenseMatrixD0Ev
                0x000000000800307c       0x12 ./qpOASES/src/Matrices.o
                0x000000000800307c                virtual thunk to qpOASES::DenseMatrix::~DenseMatrix()
 .text._ZN7qpOASES12SparseMatrix4freeEv
                0x000000000800308e       0x34 ./qpOASES/src/Matrices.o
                0x000000000800308e                qpOASES::SparseMatrix::free()
 .text._ZTv0_n16_N7qpOASES12SparseMatrix4freeEv
                0x00000000080030c2       0x12 ./qpOASES/src/Matrices.o
                0x00000000080030c2                virtual thunk to qpOASES::SparseMatrix::free()
 .text._ZN7qpOASES12SparseMatrixD1Ev
                0x00000000080030d4       0x34 ./qpOASES/src/Matrices.o
                0x00000000080030d4                qpOASES::SparseMatrix::~SparseMatrix()
 .text._ZTv0_n12_N7qpOASES12SparseMatrixD1Ev
                0x0000000008003108       0x12 ./qpOASES/src/Matrices.o
                0x0000000008003108                virtual thunk to qpOASES::SparseMatrix::~SparseMatrix()
 .text._ZN7qpOASES12SparseMatrixD0Ev
                0x000000000800311a       0x12 ./qpOASES/src/Matrices.o
                0x000000000800311a                qpOASES::SparseMatrix::~SparseMatrix()
 .text._ZTv0_n12_N7qpOASES12SparseMatrixD0Ev
                0x000000000800312c       0x12 ./qpOASES/src/Matrices.o
                0x000000000800312c                virtual thunk to qpOASES::SparseMatrix::~SparseMatrix()
 .text._ZNK7qpOASES11SymDenseMat8bilinearEPKNS_9IndexlistEiPKdiPdi
                0x000000000800313e      0x19c ./qpOASES/src/Matrices.o
                0x000000000800313e                qpOASES::SymDenseMat::bilinear(qpOASES::Indexlist const*, int, double const*, int, double*, int) const
 .text._ZThn20_NK7qpOASES11SymDenseMat8bilinearEPKNS_9IndexlistEiPKdiPdi
                0x00000000080032da        0x8 ./qpOASES/src/Matrices.o
                0x00000000080032da                non-virtual thunk to qpOASES::SymDenseMat::bilinear(qpOASES::Indexlist const*, int, double const*, int, double*, int) const
 .text._ZNK7qpOASES12SparseMatrix4fullEv
                0x00000000080032e2       0x82 ./qpOASES/src/Matrices.o
                0x00000000080032e2                qpOASES::SparseMatrix::full() const
 .text._ZTv0_n84_NK7qpOASES12SparseMatrix4fullEv
                0x0000000008003364       0x12 ./qpOASES/src/Matrices.o
                0x0000000008003364                virtual thunk to qpOASES::SparseMatrix::full() const
 .text._ZNK7qpOASES11DenseMatrix4fullEv
                0x0000000008003376       0x34 ./qpOASES/src/Matrices.o
                0x0000000008003376                qpOASES::DenseMatrix::full() const
 .text._ZTv0_n84_NK7qpOASES11DenseMatrix4fullEv
                0x00000000080033aa       0x12 ./qpOASES/src/Matrices.o
                0x00000000080033aa                virtual thunk to qpOASES::DenseMatrix::full() const
 .text._ZNK7qpOASES11DenseMatrix9duplicateEv
                0x00000000080033bc       0x9c ./qpOASES/src/Matrices.o
                0x00000000080033bc                qpOASES::DenseMatrix::duplicate() const
 .text._ZTv0_n20_NK7qpOASES11DenseMatrix9duplicateEv
                0x0000000008003458       0x12 ./qpOASES/src/Matrices.o
                0x0000000008003458                virtual thunk to qpOASES::DenseMatrix::duplicate() const
 *fill*         0x000000000800346a        0x2 
 .text._ZNK7qpOASES11SymDenseMat12duplicateSymEv
                0x000000000800346c       0xa0 ./qpOASES/src/Matrices.o
                0x000000000800346c                qpOASES::SymDenseMat::duplicateSym() const
 .text._ZThn20_NK7qpOASES11SymDenseMat12duplicateSymEv
                0x000000000800350c        0x8 ./qpOASES/src/Matrices.o
                0x000000000800350c                non-virtual thunk to qpOASES::SymDenseMat::duplicateSym() const
 *fill*         0x0000000008003514        0x4 
 .text._ZNK7qpOASES11DenseMatrix6isDiagEv
                0x0000000008003518       0x78 ./qpOASES/src/Matrices.o
                0x0000000008003518                qpOASES::DenseMatrix::isDiag() const
 .text._ZTv0_n28_NK7qpOASES11DenseMatrix6isDiagEv
                0x0000000008003590       0x12 ./qpOASES/src/Matrices.o
                0x0000000008003590                virtual thunk to qpOASES::DenseMatrix::isDiag() const
 *fill*         0x00000000080035a2        0x6 
 .text._ZNK7qpOASES11DenseMatrix6getRowEiPKNS_9IndexlistEdPd
                0x00000000080035a8      0x1ac ./qpOASES/src/Matrices.o
                0x00000000080035a8                qpOASES::DenseMatrix::getRow(int, qpOASES::Indexlist const*, double, double*) const
 .text._ZTv0_n40_NK7qpOASES11DenseMatrix6getRowEiPKNS_9IndexlistEdPd
                0x0000000008003754       0x12 ./qpOASES/src/Matrices.o
                0x0000000008003754                virtual thunk to qpOASES::DenseMatrix::getRow(int, qpOASES::Indexlist const*, double, double*) const
 *fill*         0x0000000008003766        0x2 
 .text._ZNK7qpOASES11DenseMatrix6getColEiPKNS_9IndexlistEdPd
                0x0000000008003768       0xec ./qpOASES/src/Matrices.o
                0x0000000008003768                qpOASES::DenseMatrix::getCol(int, qpOASES::Indexlist const*, double, double*) const
 .text._ZTv0_n44_NK7qpOASES11DenseMatrix6getColEiPKNS_9IndexlistEdPd
                0x0000000008003854       0x12 ./qpOASES/src/Matrices.o
                0x0000000008003854                virtual thunk to qpOASES::DenseMatrix::getCol(int, qpOASES::Indexlist const*, double, double*) const
 *fill*         0x0000000008003866        0x2 
 .text._ZNK7qpOASES12SparseMatrix6getRowEiPKNS_9IndexlistEdPd
                0x0000000008003868      0x31c ./qpOASES/src/Matrices.o
                0x0000000008003868                qpOASES::SparseMatrix::getRow(int, qpOASES::Indexlist const*, double, double*) const
 .text._ZTv0_n40_NK7qpOASES12SparseMatrix6getRowEiPKNS_9IndexlistEdPd
                0x0000000008003b84       0x12 ./qpOASES/src/Matrices.o
                0x0000000008003b84                virtual thunk to qpOASES::SparseMatrix::getRow(int, qpOASES::Indexlist const*, double, double*) const
 *fill*         0x0000000008003b96        0x2 
 .text._ZNK7qpOASES12SparseMatrix6getColEiPKNS_9IndexlistEdPd
                0x0000000008003b98      0x1a4 ./qpOASES/src/Matrices.o
                0x0000000008003b98                qpOASES::SparseMatrix::getCol(int, qpOASES::Indexlist const*, double, double*) const
 .text._ZTv0_n44_NK7qpOASES12SparseMatrix6getColEiPKNS_9IndexlistEdPd
                0x0000000008003d3c       0x12 ./qpOASES/src/Matrices.o
                0x0000000008003d3c                virtual thunk to qpOASES::SparseMatrix::getCol(int, qpOASES::Indexlist const*, double, double*) const
 *fill*         0x0000000008003d4e        0x2 
 .text._ZNK7qpOASES11DenseMatrix5timesEPKNS_9IndexlistES3_idPKdidPdiNS_11BooleanTypeE
                0x0000000008003d50      0x9f0 ./qpOASES/src/Matrices.o
                0x0000000008003d50                qpOASES::DenseMatrix::times(qpOASES::Indexlist const*, qpOASES::Indexlist const*, int, double, double const*, int, double, double*, int, qpOASES::BooleanType) const
 .text._ZTv0_n72_NK7qpOASES11DenseMatrix5timesEPKNS_9IndexlistES3_idPKdidPdiNS_11BooleanTypeE
                0x0000000008004740       0x12 ./qpOASES/src/Matrices.o
                0x0000000008004740                virtual thunk to qpOASES::DenseMatrix::times(qpOASES::Indexlist const*, qpOASES::Indexlist const*, int, double, double const*, int, double, double*, int, qpOASES::BooleanType) const
 *fill*         0x0000000008004752        0x6 
 .text._ZNK7qpOASES11DenseMatrix10transTimesEPKNS_9IndexlistES3_idPKdidPdi
                0x0000000008004758      0x30c ./qpOASES/src/Matrices.o
                0x0000000008004758                qpOASES::DenseMatrix::transTimes(qpOASES::Indexlist const*, qpOASES::Indexlist const*, int, double, double const*, int, double, double*, int) const
 .text._ZTv0_n76_NK7qpOASES11DenseMatrix10transTimesEPKNS_9IndexlistES3_idPKdidPdi
                0x0000000008004a64       0x12 ./qpOASES/src/Matrices.o
                0x0000000008004a64                virtual thunk to qpOASES::DenseMatrix::transTimes(qpOASES::Indexlist const*, qpOASES::Indexlist const*, int, double, double const*, int, double, double*, int) const
 *fill*         0x0000000008004a76        0x2 
 .text._ZNK7qpOASES12SparseMatrix5timesEidPKdidPdi
                0x0000000008004a78      0x2b4 ./qpOASES/src/Matrices.o
                0x0000000008004a78                qpOASES::SparseMatrix::times(int, double, double const*, int, double, double*, int) const
 .text._ZTv0_n64_NK7qpOASES12SparseMatrix5timesEidPKdidPdi
                0x0000000008004d2c       0x12 ./qpOASES/src/Matrices.o
                0x0000000008004d2c                virtual thunk to qpOASES::SparseMatrix::times(int, double, double const*, int, double, double*, int) const
 *fill*         0x0000000008004d3e        0x2 
 .text._ZNK7qpOASES12SparseMatrix10transTimesEidPKdidPdi
                0x0000000008004d40      0x2b4 ./qpOASES/src/Matrices.o
                0x0000000008004d40                qpOASES::SparseMatrix::transTimes(int, double, double const*, int, double, double*, int) const
 .text._ZTv0_n68_NK7qpOASES12SparseMatrix10transTimesEidPKdidPdi
                0x0000000008004ff4       0x12 ./qpOASES/src/Matrices.o
                0x0000000008004ff4                virtual thunk to qpOASES::SparseMatrix::transTimes(int, double, double const*, int, double, double*, int) const
 *fill*         0x0000000008005006        0x2 
 .text._ZNK7qpOASES12SparseMatrix10transTimesEPKNS_9IndexlistES3_idPKdidPdi
                0x0000000008005008      0x264 ./qpOASES/src/Matrices.o
                0x0000000008005008                qpOASES::SparseMatrix::transTimes(qpOASES::Indexlist const*, qpOASES::Indexlist const*, int, double, double const*, int, double, double*, int) const
 .text._ZTv0_n76_NK7qpOASES12SparseMatrix10transTimesEPKNS_9IndexlistES3_idPKdidPdi
                0x000000000800526c       0x12 ./qpOASES/src/Matrices.o
                0x000000000800526c                virtual thunk to qpOASES::SparseMatrix::transTimes(qpOASES::Indexlist const*, qpOASES::Indexlist const*, int, double, double const*, int, double, double*, int) const
 *fill*         0x000000000800527e        0x2 
 .text._ZNK7qpOASES12SparseMatrix5timesEPKNS_9IndexlistES3_idPKdidPdiNS_11BooleanTypeE
                0x0000000008005280      0xa08 ./qpOASES/src/Matrices.o
                0x0000000008005280                qpOASES::SparseMatrix::times(qpOASES::Indexlist const*, qpOASES::Indexlist const*, int, double, double const*, int, double, double*, int, qpOASES::BooleanType) const
 .text._ZTv0_n72_NK7qpOASES12SparseMatrix5timesEPKNS_9IndexlistES3_idPKdidPdiNS_11BooleanTypeE
                0x0000000008005c88       0x12 ./qpOASES/src/Matrices.o
                0x0000000008005c88                virtual thunk to qpOASES::SparseMatrix::times(qpOASES::Indexlist const*, qpOASES::Indexlist const*, int, double, double const*, int, double, double*, int, qpOASES::BooleanType) const
 .text._ZNK7qpOASES11DenseMatrix7getNormEi
                0x0000000008005c9a       0x14 ./qpOASES/src/Matrices.o
                0x0000000008005c9a                qpOASES::DenseMatrix::getNorm(int) const
 .text._ZTv0_n32_NK7qpOASES11DenseMatrix7getNormEi
                0x0000000008005cae       0x12 ./qpOASES/src/Matrices.o
                0x0000000008005cae                virtual thunk to qpOASES::DenseMatrix::getNorm(int) const
 .text._ZNK7qpOASES11DenseMatrix10getRowNormEii
                0x0000000008005cc0       0x16 ./qpOASES/src/Matrices.o
                0x0000000008005cc0                qpOASES::DenseMatrix::getRowNorm(int, int) const
 .text._ZTv0_n36_NK7qpOASES11DenseMatrix10getRowNormEii
                0x0000000008005cd6       0x12 ./qpOASES/src/Matrices.o
                0x0000000008005cd6                virtual thunk to qpOASES::DenseMatrix::getRowNorm(int, int) const
 .text._ZNK7qpOASES12SparseMatrix7getNormEi
                0x0000000008005ce8       0x14 ./qpOASES/src/Matrices.o
                0x0000000008005ce8                qpOASES::SparseMatrix::getNorm(int) const
 .text._ZTv0_n32_NK7qpOASES12SparseMatrix7getNormEi
                0x0000000008005cfc       0x12 ./qpOASES/src/Matrices.o
                0x0000000008005cfc                virtual thunk to qpOASES::SparseMatrix::getNorm(int) const
 *fill*         0x0000000008005d0e        0x2 
 .text._ZNK7qpOASES11DenseMatrix11writeToFileEP7__sFILEPKc
                0x0000000008005d10       0x30 ./qpOASES/src/Matrices.o
                0x0000000008005d10                qpOASES::DenseMatrix::writeToFile(__sFILE*, char const*) const
 .text._ZTv0_n92_NK7qpOASES11DenseMatrix11writeToFileEP7__sFILEPKc
                0x0000000008005d40       0x12 ./qpOASES/src/Matrices.o
                0x0000000008005d40                virtual thunk to qpOASES::DenseMatrix::writeToFile(__sFILE*, char const*) const
 *fill*         0x0000000008005d52        0x6 
 .text._ZNK7qpOASES12SparseMatrix4diagEi
                0x0000000008005d58       0x70 ./qpOASES/src/Matrices.o
                0x0000000008005d58                qpOASES::SparseMatrix::diag(int) const
 .text._ZTv0_n24_NK7qpOASES12SparseMatrix4diagEi
                0x0000000008005dc8       0x12 ./qpOASES/src/Matrices.o
                0x0000000008005dc8                virtual thunk to qpOASES::SparseMatrix::diag(int) const
 *fill*         0x0000000008005dda        0x2 
 .text._ZNK7qpOASES12SparseMatrix18getSparseSubmatrixEiPKiiS2_iiRiPiS4_PdNS_11BooleanTypeE
                0x0000000008005ddc      0x250 ./qpOASES/src/Matrices.o
                0x0000000008005ddc                qpOASES::SparseMatrix::getSparseSubmatrix(int, int const*, int, int const*, int, int, int&, int*, int*, double*, qpOASES::BooleanType) const
 .text._ZTv0_n60_NK7qpOASES12SparseMatrix18getSparseSubmatrixEiPKiiS2_iiRiPiS4_PdNS_11BooleanTypeE
                0x000000000800602c       0x12 ./qpOASES/src/Matrices.o
                0x000000000800602c                virtual thunk to qpOASES::SparseMatrix::getSparseSubmatrix(int, int const*, int, int const*, int, int, int&, int*, int*, double*, qpOASES::BooleanType) const
 *fill*         0x000000000800603e        0x2 
 .text._ZNK7qpOASES12SymSparseMat8bilinearEPKNS_9IndexlistEiPKdiPdi
                0x0000000008006040      0x250 ./qpOASES/src/Matrices.o
                0x0000000008006040                qpOASES::SymSparseMat::bilinear(qpOASES::Indexlist const*, int, double const*, int, double*, int) const
 .text._ZNK7qpOASES11DenseMatrix18getSparseSubmatrixEiPKiiS2_iiRiPiS4_PdNS_11BooleanTypeE
                0x0000000008006290      0x240 ./qpOASES/src/Matrices.o
                0x0000000008006290                qpOASES::DenseMatrix::getSparseSubmatrix(int, int const*, int, int const*, int, int, int&, int*, int*, double*, qpOASES::BooleanType) const
 .text._ZTv0_n60_NK7qpOASES11DenseMatrix18getSparseSubmatrixEiPKiiS2_iiRiPiS4_PdNS_11BooleanTypeE
                0x00000000080064d0       0x12 ./qpOASES/src/Matrices.o
                0x00000000080064d0                virtual thunk to qpOASES::DenseMatrix::getSparseSubmatrix(int, int const*, int, int const*, int, int, int&, int*, int*, double*, qpOASES::BooleanType) const
 *fill*         0x00000000080064e2        0x6 
 .text._ZN7qpOASES12SparseMatrix9addToDiagEd
                0x00000000080064e8       0xa0 ./qpOASES/src/Matrices.o
                0x00000000080064e8                qpOASES::SparseMatrix::addToDiag(double)
 .text._ZTv0_n80_N7qpOASES12SparseMatrix9addToDiagEd
                0x0000000008006588       0x12 ./qpOASES/src/Matrices.o
                0x0000000008006588                virtual thunk to qpOASES::SparseMatrix::addToDiag(double)
 *fill*         0x000000000800659a        0x2 
 .text._ZNK7qpOASES11DenseMatrix5timesEidPKdidPdi
                0x000000000800659c       0x6c ./qpOASES/src/Matrices.o
                0x000000000800659c                qpOASES::DenseMatrix::times(int, double, double const*, int, double, double*, int) const
 .text._ZTv0_n64_NK7qpOASES11DenseMatrix5timesEidPKdidPdi
                0x0000000008006608       0x12 ./qpOASES/src/Matrices.o
                0x0000000008006608                virtual thunk to qpOASES::DenseMatrix::times(int, double, double const*, int, double, double*, int) const
 *fill*         0x000000000800661a        0x2 
 .text._ZNK7qpOASES11DenseMatrix10transTimesEidPKdidPdi
                0x000000000800661c       0x68 ./qpOASES/src/Matrices.o
                0x000000000800661c                qpOASES::DenseMatrix::transTimes(int, double, double const*, int, double, double*, int) const
 .text._ZTv0_n68_NK7qpOASES11DenseMatrix10transTimesEidPKdidPdi
                0x0000000008006684       0x12 ./qpOASES/src/Matrices.o
                0x0000000008006684                virtual thunk to qpOASES::DenseMatrix::transTimes(int, double, double const*, int, double, double*, int) const
 .text._ZNK7qpOASES11DenseMatrix5printEPKc
                0x0000000008006696       0x10 ./qpOASES/src/Matrices.o
                0x0000000008006696                qpOASES::DenseMatrix::print(char const*) const
 .text._ZTv0_n88_NK7qpOASES11DenseMatrix5printEPKc
                0x00000000080066a6       0x12 ./qpOASES/src/Matrices.o
                0x00000000080066a6                virtual thunk to qpOASES::DenseMatrix::print(char const*) const
 .text._ZNK7qpOASES12SparseMatrix5printEPKc
                0x00000000080066b8       0x26 ./qpOASES/src/Matrices.o
                0x00000000080066b8                qpOASES::SparseMatrix::print(char const*) const
 .text._ZTv0_n88_NK7qpOASES12SparseMatrix5printEPKc
                0x00000000080066de       0x12 ./qpOASES/src/Matrices.o
                0x00000000080066de                virtual thunk to qpOASES::SparseMatrix::print(char const*) const
 .text._ZNK7qpOASES12SparseMatrix10getRowNormEii
                0x00000000080066f0      0x140 ./qpOASES/src/Matrices.o
                0x00000000080066f0                qpOASES::SparseMatrix::getRowNorm(int, int) const
 .text._ZTv0_n36_NK7qpOASES12SparseMatrix10getRowNormEii
                0x0000000008006830       0x12 ./qpOASES/src/Matrices.o
                0x0000000008006830                virtual thunk to qpOASES::SparseMatrix::getRowNorm(int, int) const
 *fill*         0x0000000008006842        0x2 
 .text._ZNK7qpOASES12SparseMatrix11writeToFileEP7__sFILEPKc
                0x0000000008006844       0x90 ./qpOASES/src/Matrices.o
                0x0000000008006844                qpOASES::SparseMatrix::writeToFile(__sFILE*, char const*) const
 .text._ZTv0_n92_NK7qpOASES12SparseMatrix11writeToFileEP7__sFILEPKc
                0x00000000080068d4       0x12 ./qpOASES/src/Matrices.o
                0x00000000080068d4                virtual thunk to qpOASES::SparseMatrix::writeToFile(__sFILE*, char const*) const
 .text._ZN7qpOASES11DenseMatrixD2Ev
                0x00000000080068e6       0x28 ./qpOASES/src/Matrices.o
                0x00000000080068e6                qpOASES::DenseMatrix::~DenseMatrix()
 *fill*         0x000000000800690e        0x2 
 .text._ZN7qpOASES11SymDenseMatD1Ev
                0x0000000008006910       0x90 ./qpOASES/src/Matrices.o
                0x0000000008006910                qpOASES::SymDenseMat::~SymDenseMat()
                0x000000000800693c                virtual thunk to qpOASES::SymDenseMat::~SymDenseMat()
                0x0000000008006970                non-virtual thunk to qpOASES::SymDenseMat::~SymDenseMat()
 .text._ZN7qpOASES11SymDenseMatD0Ev
                0x00000000080069a0       0xa0 ./qpOASES/src/Matrices.o
                0x00000000080069a0                qpOASES::SymDenseMat::~SymDenseMat()
                0x00000000080069d0                virtual thunk to qpOASES::SymDenseMat::~SymDenseMat()
                0x0000000008006a08                non-virtual thunk to qpOASES::SymDenseMat::~SymDenseMat()
 .text._ZN7qpOASES12SparseMatrixC2Ev
                0x0000000008006a40       0x1c ./qpOASES/src/Matrices.o
                0x0000000008006a40                qpOASES::SparseMatrix::SparseMatrix()
 .text._ZNK7qpOASES12SymSparseMat12duplicateSymEv
                0x0000000008006a5c      0x128 ./qpOASES/src/Matrices.o
                0x0000000008006a5c                qpOASES::SymSparseMat::duplicateSym() const
 .text._ZN7qpOASES12SparseMatrixC1Ev
                0x0000000008006b84       0x28 ./qpOASES/src/Matrices.o
                0x0000000008006b84                qpOASES::SparseMatrix::SparseMatrix()
 .text._ZNK7qpOASES12SparseMatrix9duplicateEv
                0x0000000008006bac      0x100 ./qpOASES/src/Matrices.o
                0x0000000008006bac                qpOASES::SparseMatrix::duplicate() const
 .text._ZTv0_n20_NK7qpOASES12SparseMatrix9duplicateEv
                0x0000000008006cac       0x12 ./qpOASES/src/Matrices.o
                0x0000000008006cac                virtual thunk to qpOASES::SparseMatrix::duplicate() const
 .text._ZN7qpOASES12SparseMatrixC2EiiPiS1_Pd
                0x0000000008006cbe       0x32 ./qpOASES/src/Matrices.o
                0x0000000008006cbe                qpOASES::SparseMatrix::SparseMatrix(int, int, int*, int*, double*)
 .text._ZN7qpOASES12SparseMatrixD2Ev
                0x0000000008006cf0       0x36 ./qpOASES/src/Matrices.o
                0x0000000008006cf0                qpOASES::SparseMatrix::~SparseMatrix()
 *fill*         0x0000000008006d26        0x2 
 .text._ZN7qpOASES12SymSparseMatD1Ev
                0x0000000008006d28       0x8c ./qpOASES/src/Matrices.o
                0x0000000008006d28                qpOASES::SymSparseMat::~SymSparseMat()
                0x0000000008006d54                non-virtual thunk to qpOASES::SymSparseMat::~SymSparseMat()
                0x0000000008006d80                virtual thunk to qpOASES::SymSparseMat::~SymSparseMat()
 .text._ZN7qpOASES12SymSparseMatD0Ev
                0x0000000008006db4       0x98 ./qpOASES/src/Matrices.o
                0x0000000008006db4                qpOASES::SymSparseMat::~SymSparseMat()
                0x0000000008006de4                virtual thunk to qpOASES::SymSparseMat::~SymSparseMat()
                0x0000000008006e1c                non-virtual thunk to qpOASES::SymSparseMat::~SymSparseMat()
 .text._ZN7qpOASES12SparseMatrix14createDiagInfoEv
                0x0000000008006e4c       0x58 ./qpOASES/src/Matrices.o
                0x0000000008006e4c                qpOASES::SparseMatrix::createDiagInfo()
 .text._Z41__static_initialization_and_destruction_0ii
                0x0000000008006ea4       0x24 ./qpOASES/src/MessageHandling.o
 .text._ZN7qpOASES15MessageHandlingC2EP7__sFILENS_16VisibilityStatusES3_S3_
                0x0000000008006ec8       0x16 ./qpOASES/src/MessageHandling.o
                0x0000000008006ec8                qpOASES::MessageHandling::MessageHandling(__sFILE*, qpOASES::VisibilityStatus, qpOASES::VisibilityStatus, qpOASES::VisibilityStatus)
                0x0000000008006ec8                qpOASES::MessageHandling::MessageHandling(__sFILE*, qpOASES::VisibilityStatus, qpOASES::VisibilityStatus, qpOASES::VisibilityStatus)
 *fill*         0x0000000008006ede        0x2 
 .text._ZN7qpOASES15MessageHandlingD2Ev
                0x0000000008006ee0       0x24 ./qpOASES/src/MessageHandling.o
                0x0000000008006ee0                qpOASES::MessageHandling::~MessageHandling()
                0x0000000008006ee0                qpOASES::MessageHandling::~MessageHandling()
 .text.__tcf_0  0x0000000008006f04       0x10 ./qpOASES/src/MessageHandling.o
 .text._ZN7qpOASES15MessageHandling5resetEv
                0x0000000008006f14       0x1c ./qpOASES/src/MessageHandling.o
                0x0000000008006f14                qpOASES::MessageHandling::reset()
 .text._ZN7qpOASES15MessageHandling12throwMessageENS_11returnValueEPKcS3_S3_mNS_16VisibilityStatusES3_
                0x0000000008006f30      0x158 ./qpOASES/src/MessageHandling.o
                0x0000000008006f30                qpOASES::MessageHandling::throwMessage(qpOASES::returnValue, char const*, char const*, char const*, unsigned long, qpOASES::VisibilityStatus, char const*)
 .text._ZN7qpOASES15MessageHandling10throwErrorENS_11returnValueEPKcS3_S3_mNS_16VisibilityStatusE
                0x0000000008007088       0x54 ./qpOASES/src/MessageHandling.o
                0x0000000008007088                qpOASES::MessageHandling::throwError(qpOASES::returnValue, char const*, char const*, char const*, unsigned long, qpOASES::VisibilityStatus)
 .text._ZN7qpOASES15MessageHandling12throwWarningENS_11returnValueEPKcS3_S3_mNS_16VisibilityStatusE
                0x00000000080070dc       0x54 ./qpOASES/src/MessageHandling.o
                0x00000000080070dc                qpOASES::MessageHandling::throwWarning(qpOASES::returnValue, char const*, char const*, char const*, unsigned long, qpOASES::VisibilityStatus)
 .text._ZN7qpOASES15MessageHandling9throwInfoENS_11returnValueEPKcS3_S3_mNS_16VisibilityStatusE
                0x0000000008007130       0x54 ./qpOASES/src/MessageHandling.o
                0x0000000008007130                qpOASES::MessageHandling::throwInfo(qpOASES::returnValue, char const*, char const*, char const*, unsigned long, qpOASES::VisibilityStatus)
 .text._ZN7qpOASES23getGlobalMessageHandlerEv
                0x0000000008007184       0x44 ./qpOASES/src/MessageHandling.o
                0x0000000008007184                qpOASES::getGlobalMessageHandler()
 .text._GLOBAL__sub_I__ZN7qpOASES7stdFileE
                0x00000000080071c8        0xe ./qpOASES/src/MessageHandling.o
 .text._ZN7qpOASES7OptionsD2Ev
                0x00000000080071d6        0x2 ./qpOASES/src/Options.o
                0x00000000080071d6                qpOASES::Options::~Options()
                0x00000000080071d6                qpOASES::Options::~Options()
 .text._ZN7qpOASES7Options12setToDefaultEv
                0x00000000080071d8      0x13c ./qpOASES/src/Options.o
                0x00000000080071d8                qpOASES::Options::setToDefault()
 .text._ZN7qpOASES7OptionsC2Ev
                0x0000000008007314        0xc ./qpOASES/src/Options.o
                0x0000000008007314                qpOASES::Options::Options()
                0x0000000008007314                qpOASES::Options::Options()
 .text._ZN7qpOASES7Options17ensureConsistencyEv
                0x0000000008007320      0x280 ./qpOASES/src/Options.o
                0x0000000008007320                qpOASES::Options::ensureConsistency()
 .text._ZN7qpOASES7Options4copyERKS0_
                0x00000000080075a0       0xf6 ./qpOASES/src/Options.o
                0x00000000080075a0                qpOASES::Options::copy(qpOASES::Options const&)
 .text._ZN7qpOASES7OptionsaSERKS0_
                0x0000000008007696       0x10 ./qpOASES/src/Options.o
                0x0000000008007696                qpOASES::Options::operator=(qpOASES::Options const&)
 .text._ZNK7qpOASES8QProblem5getNZEv
                0x00000000080076a6        0xa ./qpOASES/src/QProblem.o
                0x00000000080076a6                qpOASES::QProblem::getNZ() const
 .text._ZNK7qpOASES8QProblem15getDualSolutionEPd
                0x00000000080076b0       0x46 ./qpOASES/src/QProblem.o
                0x00000000080076b0                qpOASES::QProblem::getDualSolution(double*) const
 .text._ZN7qpOASES8QProblem18setupSubjectToTypeEv
                0x00000000080076f6       0x1c ./qpOASES/src/QProblem.o
                0x00000000080076f6                qpOASES::QProblem::setupSubjectToType()
 *fill*         0x0000000008007712        0x2 
 .text._ZN7qpOASES8QProblem13getWorkingSetEPd
                0x0000000008007714       0x4c ./qpOASES/src/QProblem.o
                0x0000000008007714                qpOASES::QProblem::getWorkingSet(double*)
 .text._ZN7qpOASES8QProblem24getWorkingSetConstraintsEPd
                0x0000000008007760       0x90 ./qpOASES/src/QProblem.o
                0x0000000008007760                qpOASES::QProblem::getWorkingSetConstraints(double*)
 .text._ZNK7qpOASES8QProblem10backsolveTEPKdNS_11BooleanTypeEPd
                0x00000000080077f0      0x1e8 ./qpOASES/src/QProblem.o
                0x00000000080077f0                qpOASES::QProblem::backsolveT(double const*, qpOASES::BooleanType, double*) const
 .text._ZN7qpOASES8QProblem20setupTQfactorisationEv
                0x00000000080079d8       0x80 ./qpOASES/src/QProblem.o
                0x00000000080079d8                qpOASES::QProblem::setupTQfactorisation()
 .text._ZN7qpOASES8QProblem22determineStepDirectionEPKdS2_S2_S2_S2_NS_11BooleanTypeES3_PdS4_S4_S4_
                0x0000000008007a58      0xc40 ./qpOASES/src/QProblem.o
                0x0000000008007a58                qpOASES::QProblem::determineStepDirection(double const*, double const*, double const*, double const*, double const*, qpOASES::BooleanType, qpOASES::BooleanType, double*, double*, double*, double*)
 .text._ZN7qpOASES8QProblem15printPropertiesEv
                0x0000000008008698      0x2a4 ./qpOASES/src/QProblem.o
                0x0000000008008698                qpOASES::QProblem::printProperties()
 .text._ZN7qpOASES8QProblem20setupInitialCholeskyEv
                0x000000000800893c       0x70 ./qpOASES/src/QProblem.o
                0x000000000800893c                qpOASES::QProblem::setupInitialCholesky()
 .text._ZN7qpOASES8QProblem21addConstraint_checkLIEi
                0x00000000080089ac      0x390 ./qpOASES/src/QProblem.o
                0x00000000080089ac                qpOASES::QProblem::addConstraint_checkLI(int)
 .text._ZN7qpOASES8QProblem16addBound_checkLIEi
                0x0000000008008d3c      0x2c8 ./qpOASES/src/QProblem.o
                0x0000000008008d3c                qpOASES::QProblem::addBound_checkLI(int)
 *fill*         0x0000000008009004        0x4 
 .text._ZN7qpOASES8QProblem27updateActivitiesForHotstartEPKdS2_S2_S2_
                0x0000000008009008      0x230 ./qpOASES/src/QProblem.o
                0x0000000008009008                qpOASES::QProblem::updateActivitiesForHotstart(double const*, double const*, double const*, double const*)
 .text._ZN7qpOASES8QProblem24computeProjectedCholeskyEv
                0x0000000008009238      0x268 ./qpOASES/src/QProblem.o
                0x0000000008009238                qpOASES::QProblem::computeProjectedCholesky()
 .text._ZN7qpOASES8QProblem18setupSubjectToTypeEPKdS2_S2_S2_
                0x00000000080094a0      0x2bc ./qpOASES/src/QProblem.o
                0x00000000080094a0                qpOASES::QProblem::setupSubjectToType(double const*, double const*, double const*, double const*)
 *fill*         0x000000000800975c        0x4 
 .text._ZN7qpOASES8QProblem8addBoundEiNS_15SubjectToStatusENS_11BooleanTypeES2_
                0x0000000008009760      0xb70 ./qpOASES/src/QProblem.o
                0x0000000008009760                qpOASES::QProblem::addBound(int, qpOASES::SubjectToStatus, qpOASES::BooleanType, qpOASES::BooleanType)
 .text._ZN7qpOASES8QProblem13addConstraintEiNS_15SubjectToStatusENS_11BooleanTypeES2_
                0x000000000800a2d0      0x7ac ./qpOASES/src/QProblem.o
                0x000000000800a2d0                qpOASES::QProblem::addConstraint(int, qpOASES::SubjectToStatus, qpOASES::BooleanType, qpOASES::BooleanType)
 .text._ZN7qpOASES9SubjectTo7setTypeEiNS_13SubjectToTypeE
                0x000000000800aa7c       0x40 ./qpOASES/src/QProblem.o
                0x000000000800aa7c                qpOASES::SubjectTo::setType(int, qpOASES::SubjectToType)
 .text._ZN7qpOASES8QProblem24setupAuxiliaryWorkingSetEPKNS_6BoundsEPKNS_11ConstraintsENS_11BooleanTypeE
                0x000000000800aabc      0x5a0 ./qpOASES/src/QProblem.o
                0x000000000800aabc                qpOASES::QProblem::setupAuxiliaryWorkingSet(qpOASES::Bounds const*, qpOASES::Constraints const*, qpOASES::BooleanType)
 .text._ZN7qpOASES8QProblemC2EiiNS_11HessianTypeE
                0x000000000800b05c      0x260 ./qpOASES/src/QProblem.o
                0x000000000800b05c                qpOASES::QProblem::QProblem(int, int, qpOASES::HessianType)
                0x000000000800b05c                qpOASES::QProblem::QProblem(int, int, qpOASES::HessianType)
 .text._ZN7qpOASES8QProblem5clearEv
                0x000000000800b2bc       0xf6 ./qpOASES/src/QProblem.o
                0x000000000800b2bc                qpOASES::QProblem::clear()
 *fill*         0x000000000800b3b2        0x6 
 .text._ZN7qpOASES8QProblem4copyERKS0_
                0x000000000800b3b8      0x338 ./qpOASES/src/QProblem.o
                0x000000000800b3b8                qpOASES::QProblem::copy(qpOASES::QProblem const&)
 .text._ZN7qpOASES8QProblemaSERKS0_
                0x000000000800b6f0       0x22 ./qpOASES/src/QProblem.o
                0x000000000800b6f0                qpOASES::QProblem::operator=(qpOASES::QProblem const&)
 *fill*         0x000000000800b712        0x6 
 .text._ZNK7qpOASES8QProblem25obtainAuxiliaryWorkingSetEPKdS2_PKNS_6BoundsEPKNS_11ConstraintsEPS3_PS6_
                0x000000000800b718      0x440 ./qpOASES/src/QProblem.o
                0x000000000800b718                qpOASES::QProblem::obtainAuxiliaryWorkingSet(double const*, double const*, qpOASES::Bounds const*, qpOASES::Constraints const*, qpOASES::Bounds*, qpOASES::Constraints*) const
 .text._ZN7qpOASES8QProblem24setupAuxiliaryQPsolutionEPKdS2_
                0x000000000800bb58      0x12c ./qpOASES/src/QProblem.o
                0x000000000800bb58                qpOASES::QProblem::setupAuxiliaryQPsolution(double const*, double const*)
 *fill*         0x000000000800bc84        0x4 
 .text._ZN7qpOASES8QProblem24setupAuxiliaryQPgradientEv
                0x000000000800bc88      0x138 ./qpOASES/src/QProblem.o
                0x000000000800bc88                qpOASES::QProblem::setupAuxiliaryQPgradient()
 .text._ZN7qpOASES8QProblem14performRampingEv
                0x000000000800bdc0      0x558 ./qpOASES/src/QProblem.o
                0x000000000800bdc0                qpOASES::QProblem::performRamping()
 .text._ZN7qpOASES8QProblem22performDriftCorrectionEv
                0x000000000800c318      0x42a ./qpOASES/src/QProblem.o
                0x000000000800c318                qpOASES::QProblem::performDriftCorrection()
 *fill*         0x000000000800c742        0x6 
 .text._ZNK7qpOASES8QProblem19areBoundsConsistentEPKdS2_S2_S2_
                0x000000000800c748       0x70 ./qpOASES/src/QProblem.o
                0x000000000800c748                qpOASES::QProblem::areBoundsConsistent(double const*, double const*, double const*, double const*) const
 .text._ZN7qpOASES8QProblem22setupAuxiliaryQPboundsEPKNS_6BoundsEPKNS_11ConstraintsENS_11BooleanTypeE
                0x000000000800c7b8      0x430 ./qpOASES/src/QProblem.o
                0x000000000800c7b8                qpOASES::QProblem::setupAuxiliaryQPbounds(qpOASES::Bounds const*, qpOASES::Constraints const*, qpOASES::BooleanType)
 .text._ZNK7qpOASES8QProblem21performPlainRatioTestEiPKiPKdS4_ddRdRi
                0x000000000800cbe8       0x94 ./qpOASES/src/QProblem.o
                0x000000000800cbe8                qpOASES::QProblem::performPlainRatioTest(int, int const*, double const*, double const*, double, double, double&, int&) const
 .text._ZN7qpOASES8QProblem22ensureNonzeroCurvatureENS_11BooleanTypeEiRS1_S2_RiRNS_15SubjectToStatusE
                0x000000000800cc7c      0x9e8 ./qpOASES/src/QProblem.o
                0x000000000800cc7c                qpOASES::QProblem::ensureNonzeroCurvature(qpOASES::BooleanType, int, qpOASES::BooleanType&, qpOASES::BooleanType&, int&, qpOASES::SubjectToStatus&)
 *fill*         0x000000000800d664        0x4 
 .text._ZN7qpOASES8QProblem16removeConstraintEiNS_11BooleanTypeES1_S1_
                0x000000000800d668      0x998 ./qpOASES/src/QProblem.o
                0x000000000800d668                qpOASES::QProblem::removeConstraint(int, qpOASES::BooleanType, qpOASES::BooleanType, qpOASES::BooleanType)
 .text._ZN7qpOASES8QProblem11removeBoundEiNS_11BooleanTypeES1_S1_
                0x000000000800e000      0x9c8 ./qpOASES/src/QProblem.o
                0x000000000800e000                qpOASES::QProblem::removeBound(int, qpOASES::BooleanType, qpOASES::BooleanType, qpOASES::BooleanType)
 .text._ZN7qpOASES8QProblem18determineDataShiftEPKdS2_S2_S2_S2_PdS3_S3_S3_S3_RNS_11BooleanTypeES5_
                0x000000000800e9c8      0x160 ./qpOASES/src/QProblem.o
                0x000000000800e9c8                qpOASES::QProblem::determineDataShift(double const*, double const*, double const*, double const*, double const*, double*, double*, double*, double*, double*, qpOASES::BooleanType&, qpOASES::BooleanType&)
 .text._ZN7qpOASES8QProblem11performStepEPKdS2_S2_S2_S2_S2_S2_S2_S2_RiRNS_15SubjectToStatusERNS_11BooleanTypeE
                0x000000000800eb28      0xa78 ./qpOASES/src/QProblem.o
                0x000000000800eb28                qpOASES::QProblem::performStep(double const*, double const*, double const*, double const*, double const*, double const*, double const*, double const*, double const*, int&, qpOASES::SubjectToStatus&, qpOASES::BooleanType&)
 .text._ZN7qpOASES8QProblem15changeActiveSetEiNS_15SubjectToStatusENS_11BooleanTypeE
                0x000000000800f5a0      0x218 ./qpOASES/src/QProblem.o
                0x000000000800f5a0                qpOASES::QProblem::changeActiveSet(int, qpOASES::SubjectToStatus, qpOASES::BooleanType)
 .text._ZN7qpOASES8QProblem25getRelativeHomotopyLengthEPKdS2_S2_S2_S2_
                0x000000000800f7b8      0x104 ./qpOASES/src/QProblem.o
                0x000000000800f7b8                qpOASES::QProblem::getRelativeHomotopyLength(double const*, double const*, double const*, double const*, double const*)
 .text._ZNK7qpOASES8QProblem15updateFarBoundsEdiPKdPdS2_S3_S2_S3_S2_S3_
                0x000000000800f8bc      0x21c ./qpOASES/src/QProblem.o
                0x000000000800f8bc                qpOASES::QProblem::updateFarBounds(double, int, double const*, double*, double const*, double*, double const*, double*, double const*, double*) const
 .text._ZNK7qpOASES8QProblem16shallRefactoriseEPKNS_6BoundsEPKNS_11ConstraintsE
                0x000000000800fad8       0x9a ./qpOASES/src/QProblem.o
                0x000000000800fad8                qpOASES::QProblem::shallRefactorise(qpOASES::Bounds const*, qpOASES::Constraints const*) const
 *fill*         0x000000000800fb72        0x2 
 .text._ZN7qpOASES8QProblem16setupAuxiliaryQPEPKNS_6BoundsEPKNS_11ConstraintsE
                0x000000000800fb74      0x2c0 ./qpOASES/src/QProblem.o
                0x000000000800fb74                qpOASES::QProblem::setupAuxiliaryQP(qpOASES::Bounds const*, qpOASES::Constraints const*)
 *fill*         0x000000000800fe34        0x4 
 .text._ZN7qpOASES8QProblem11setupQPdataEPKdS2_S2_S2_S2_S2_S2_
                0x000000000800fe38      0x24c ./qpOASES/src/QProblem.o
                0x000000000800fe38                qpOASES::QProblem::setupQPdata(double const*, double const*, double const*, double const*, double const*, double const*, double const*)
 *fill*         0x0000000008010084        0x4 
 .text._ZN7qpOASES8QProblem14printIterationEiiNS_15SubjectToStatusENS_11BooleanTypeEdS2_
                0x0000000008010088      0xa6c ./qpOASES/src/QProblem.o
                0x0000000008010088                qpOASES::QProblem::printIteration(int, int, qpOASES::SubjectToStatus, qpOASES::BooleanType, double, qpOASES::BooleanType)
 *fill*         0x0000000008010af4        0x4 
 .text._ZN7qpOASES8QProblem7solveQPEPKdS2_S2_S2_S2_RiPdiNS_11BooleanTypeE
                0x0000000008010af8      0x860 ./qpOASES/src/QProblem.o
                0x0000000008010af8                qpOASES::QProblem::solveQP(double const*, double const*, double const*, double const*, double const*, int&, double*, int, qpOASES::BooleanType)
 .text._ZN7qpOASES8QProblem18solveRegularisedQPEPKdS2_S2_S2_S2_RiPdiNS_11BooleanTypeE
                0x0000000008011358      0x278 ./qpOASES/src/QProblem.o
                0x0000000008011358                qpOASES::QProblem::solveRegularisedQP(double const*, double const*, double const*, double const*, double const*, int&, double*, int, qpOASES::BooleanType)
 .text._ZN7qpOASES8QProblem8hotstartEPKdS2_S2_S2_S2_RiPdPKNS_6BoundsEPKNS_11ConstraintsE
                0x00000000080115d0      0x708 ./qpOASES/src/QProblem.o
                0x00000000080115d0                qpOASES::QProblem::hotstart(double const*, double const*, double const*, double const*, double const*, int&, double*, qpOASES::Bounds const*, qpOASES::Constraints const*)
 .text._ZN7qpOASES8QProblem15dropInfeasiblesEiNS_15SubjectToStatusENS_11BooleanTypeEPdS3_
                0x0000000008011cd8      0x290 ./qpOASES/src/QProblem.o
                0x0000000008011cd8                qpOASES::QProblem::dropInfeasibles(int, qpOASES::SubjectToStatus, qpOASES::BooleanType, double*, double*)
 .text._ZN7qpOASES8QProblem22addConstraint_ensureLIEiNS_15SubjectToStatusE
                0x0000000008011f68      0x4e4 ./qpOASES/src/QProblem.o
                0x0000000008011f68                qpOASES::QProblem::addConstraint_ensureLI(int, qpOASES::SubjectToStatus)
 .text._ZN7qpOASES8QProblem17addBound_ensureLIEiNS_15SubjectToStatusE
                0x000000000801244c      0x47c ./qpOASES/src/QProblem.o
                0x000000000801244c                qpOASES::QProblem::addBound_ensureLI(int, qpOASES::SubjectToStatus)
 .text._ZN7qpOASES8QProblemD2Ev
                0x00000000080128c8       0x24 ./qpOASES/src/QProblem.o
                0x00000000080128c8                qpOASES::QProblem::~QProblem()
                0x00000000080128c8                qpOASES::QProblem::~QProblem()
 .text._ZN7qpOASES8QProblemD0Ev
                0x00000000080128ec       0x12 ./qpOASES/src/QProblem.o
                0x00000000080128ec                qpOASES::QProblem::~QProblem()
 *fill*         0x00000000080128fe        0x2 
 .text._ZN7qpOASES8QProblem5resetEv
                0x0000000008012900       0xc4 ./qpOASES/src/QProblem.o
                0x0000000008012900                qpOASES::QProblem::reset()
 .text._ZN7qpOASES8QProblem19getWorkingSetBoundsEPd
                0x00000000080129c4        0x8 ./qpOASES/src/QProblem.o
                0x00000000080129c4                qpOASES::QProblem::getWorkingSetBounds(double*)
 .text._ZN7qpOASES8QProblem14solveInitialQPEPKdS2_PKNS_6BoundsEPKNS_11ConstraintsES2_RiPd
                0x00000000080129cc      0x580 ./qpOASES/src/QProblem.o
                0x00000000080129cc                qpOASES::QProblem::solveInitialQP(double const*, double const*, qpOASES::Bounds const*, qpOASES::Constraints const*, double const*, int&, double*)
 .text._ZN7qpOASES8QProblem4initEPKdS2_S2_S2_S2_S2_S2_RiPdS2_S2_PKNS_6BoundsEPKNS_11ConstraintsES2_
                0x0000000008012f4c      0x1b8 ./qpOASES/src/QProblem.o
                0x0000000008012f4c                qpOASES::QProblem::init(double const*, double const*, double const*, double const*, double const*, double const*, double const*, int&, double*, double const*, double const*, qpOASES::Bounds const*, qpOASES::Constraints const*, double const*)
 .text._ZN7qpOASES9QProblemB13getWorkingSetEPd
                0x0000000008013104        0xa ./qpOASES/src/QProblemB.o
                0x0000000008013104                qpOASES::QProblemB::getWorkingSet(double*)
 .text._ZNK7qpOASES9QProblemB5getNZEv
                0x000000000801310e        0x4 ./qpOASES/src/QProblemB.o
                0x000000000801310e                qpOASES::QProblemB::getNZ() const
 .text._ZNK7qpOASES9QProblemB15getDualSolutionEPd
                0x0000000008013112       0x64 ./qpOASES/src/QProblemB.o
                0x0000000008013112                qpOASES::QProblemB::getDualSolution(double*) const
 .text._ZN7qpOASES9QProblemB18setupSubjectToTypeEv
                0x0000000008013176        0xe ./qpOASES/src/QProblemB.o
                0x0000000008013176                qpOASES::QProblemB::setupSubjectToType()
 .text._ZNK7qpOASES9QProblemB10backsolveREPKdNS_11BooleanTypeEPd
                0x0000000008013184       0x12 ./qpOASES/src/QProblemB.o
                0x0000000008013184                qpOASES::QProblemB::backsolveR(double const*, qpOASES::BooleanType, double*) const
 *fill*         0x0000000008013196        0x2 
 .text._ZN7qpOASES9QProblemB24getWorkingSetConstraintsEPd
                0x0000000008013198       0x34 ./qpOASES/src/QProblemB.o
                0x0000000008013198                qpOASES::QProblemB::getWorkingSetConstraints(double*)
 .text._ZN7qpOASES9QProblemB19getWorkingSetBoundsEPd
                0x00000000080131cc       0x88 ./qpOASES/src/QProblemB.o
                0x00000000080131cc                qpOASES::QProblemB::getWorkingSetBounds(double*)
 .text._ZN7qpOASES9QProblemB5resetEv
                0x0000000008013254       0xa0 ./qpOASES/src/QProblemB.o
                0x0000000008013254                qpOASES::QProblemB::reset()
 *fill*         0x00000000080132f4        0x4 
 .text._ZNK7qpOASES9QProblemB10backsolveREPKdNS_11BooleanTypeES3_Pd
                0x00000000080132f8      0x1d0 ./qpOASES/src/QProblemB.o
                0x00000000080132f8                qpOASES::QProblemB::backsolveR(double const*, qpOASES::BooleanType, qpOASES::BooleanType, double*) const
 .text._ZN7qpOASES9QProblemB15printPropertiesEv
                0x00000000080134c8      0x1d4 ./qpOASES/src/QProblemB.o
                0x00000000080134c8                qpOASES::QProblemB::printProperties()
 *fill*         0x000000000801369c        0x4 
 .text._ZN7qpOASES9QProblemB15computeCholeskyEv
                0x00000000080136a0      0x1b8 ./qpOASES/src/QProblemB.o
                0x00000000080136a0                qpOASES::QProblemB::computeCholesky()
 .text._ZN7qpOASES9QProblemB18setupSubjectToTypeEPKdS2_
                0x0000000008013858      0x270 ./qpOASES/src/QProblemB.o
                0x0000000008013858                qpOASES::QProblemB::setupSubjectToType(double const*, double const*)
 .text._ZNK7qpOASES9QProblemB9getObjValEPKd
                0x0000000008013ac8      0x1a0 ./qpOASES/src/QProblemB.o
                0x0000000008013ac8                qpOASES::QProblemB::getObjVal(double const*) const
 .text._ZNK7qpOASES9QProblemB9getObjValEv
                0x0000000008013c68       0x30 ./qpOASES/src/QProblemB.o
                0x0000000008013c68                qpOASES::QProblemB::getObjVal() const
 .text._ZNK7qpOASES9QProblemB17getPrimalSolutionEPd
                0x0000000008013c98       0x48 ./qpOASES/src/QProblemB.o
                0x0000000008013c98                qpOASES::QProblemB::getPrimalSolution(double*) const
 .text._ZN7qpOASES9QProblemB13setPrintLevelENS_10PrintLevelE
                0x0000000008013ce0       0xb0 ./qpOASES/src/QProblemB.o
                0x0000000008013ce0                qpOASES::QProblemB::setPrintLevel(qpOASES::PrintLevel)
 .text._ZN7qpOASES9QProblemBC2EiNS_11HessianTypeE
                0x0000000008013d90      0x1bc ./qpOASES/src/QProblemB.o
                0x0000000008013d90                qpOASES::QProblemB::QProblemB(int, qpOASES::HessianType)
                0x0000000008013d90                qpOASES::QProblemB::QProblemB(int, qpOASES::HessianType)
 .text._ZN7qpOASES9QProblemB5clearEv
                0x0000000008013f4c       0x78 ./qpOASES/src/QProblemB.o
                0x0000000008013f4c                qpOASES::QProblemB::clear()
 *fill*         0x0000000008013fc4        0x4 
 .text._ZN7qpOASES9QProblemB4copyERKS0_
                0x0000000008013fc8      0x2a0 ./qpOASES/src/QProblemB.o
                0x0000000008013fc8                qpOASES::QProblemB::copy(qpOASES::QProblemB const&)
 .text._ZN7qpOASES9QProblemBaSERKS0_
                0x0000000008014268       0x1a ./qpOASES/src/QProblemB.o
                0x0000000008014268                qpOASES::QProblemB::operator=(qpOASES::QProblemB const&)
 *fill*         0x0000000008014282        0x6 
 .text._ZN7qpOASES9QProblemB20determineHessianTypeEv
                0x0000000008014288      0x1b4 ./qpOASES/src/QProblemB.o
                0x0000000008014288                qpOASES::QProblemB::determineHessianType()
 *fill*         0x000000000801443c        0x4 
 .text._ZNK7qpOASES9QProblemB25obtainAuxiliaryWorkingSetEPKdS2_PKNS_6BoundsEPS3_
                0x0000000008014440      0x3f0 ./qpOASES/src/QProblemB.o
                0x0000000008014440                qpOASES::QProblemB::obtainAuxiliaryWorkingSet(double const*, double const*, qpOASES::Bounds const*, qpOASES::Bounds*) const
 .text._ZN7qpOASES9QProblemB18determineDataShiftEPKdS2_S2_PdS3_S3_RNS_11BooleanTypeE
                0x0000000008014830      0x168 ./qpOASES/src/QProblemB.o
                0x0000000008014830                qpOASES::QProblemB::determineDataShift(double const*, double const*, double const*, double*, double*, double*, qpOASES::BooleanType&)
 .text._ZN7qpOASES9QProblemB11setupQPdataEPKdS2_S2_S2_
                0x0000000008014998      0x1e0 ./qpOASES/src/QProblemB.o
                0x0000000008014998                qpOASES::QProblemB::setupQPdata(double const*, double const*, double const*, double const*)
 .text._ZN7qpOASES9QProblemB20setInfeasibilityFlagENS_11returnValueENS_11BooleanTypeE
                0x0000000008014b78       0x40 ./qpOASES/src/QProblemB.o
                0x0000000008014b78                qpOASES::QProblemB::setInfeasibilityFlag(qpOASES::returnValue, qpOASES::BooleanType)
 .text._ZNK7qpOASES9QProblemB19areBoundsConsistentEPKdS2_
                0x0000000008014bb8       0x60 ./qpOASES/src/QProblemB.o
                0x0000000008014bb8                qpOASES::QProblemB::areBoundsConsistent(double const*, double const*) const
 .text._ZNK7qpOASES9QProblemB22isCPUtimeLimitExceededEPKddi
                0x0000000008014c18       0x64 ./qpOASES/src/QProblemB.o
                0x0000000008014c18                qpOASES::QProblemB::isCPUtimeLimitExceeded(double const*, double, int) const
 *fill*         0x0000000008014c7c        0x4 
 .text._ZN7qpOASES9QProblemB17regulariseHessianEv
                0x0000000008014c80       0xf0 ./qpOASES/src/QProblemB.o
                0x0000000008014c80                qpOASES::QProblemB::regulariseHessian()
 .text._ZN7qpOASES9QProblemB20setupInitialCholeskyEv
                0x0000000008014d70       0x70 ./qpOASES/src/QProblemB.o
                0x0000000008014d70                qpOASES::QProblemB::setupInitialCholesky()
 .text._ZN7qpOASES9QProblemB19createDiagSparseMatEid
                0x0000000008014de0       0xd4 ./qpOASES/src/QProblemB.o
                0x0000000008014de0                qpOASES::QProblemB::createDiagSparseMat(int, double)
 .text._ZNK7qpOASES9QProblemB16performRatioTestEiPKiPKNS_9SubjectToEPKdS7_ddRdRi
                0x0000000008014eb4      0x16e ./qpOASES/src/QProblemB.o
                0x0000000008014eb4                qpOASES::QProblemB::performRatioTest(int, int const*, qpOASES::SubjectTo const*, double const*, double const*, double, double, double&, int&) const
 *fill*         0x0000000008015022        0x2 
 .text._ZN7qpOASES9QProblemB25getRelativeHomotopyLengthEPKdS2_S2_
                0x0000000008015024      0x170 ./qpOASES/src/QProblemB.o
                0x0000000008015024                qpOASES::QProblemB::getRelativeHomotopyLength(double const*, double const*, double const*)
 .text._ZNK7qpOASES9QProblemB15updateFarBoundsEdiPKdPdS2_S3_
                0x0000000008015194      0x1e8 ./qpOASES/src/QProblemB.o
                0x0000000008015194                qpOASES::QProblemB::updateFarBounds(double, int, double const*, double*, double const*, double*) const
 *fill*         0x000000000801537c        0x4 
 .text._ZN7qpOASES9QProblemB24setupAuxiliaryQPgradientEv
                0x0000000008015380      0x108 ./qpOASES/src/QProblemB.o
                0x0000000008015380                qpOASES::QProblemB::setupAuxiliaryQPgradient()
 .text._ZN7qpOASES9QProblemB14performRampingEv
                0x0000000008015488      0x18c ./qpOASES/src/QProblemB.o
                0x0000000008015488                qpOASES::QProblemB::performRamping()
 .text._ZN7qpOASES9QProblemB22performDriftCorrectionEv
                0x0000000008015614      0x18c ./qpOASES/src/QProblemB.o
                0x0000000008015614                qpOASES::QProblemB::performDriftCorrection()
 .text._ZN7qpOASES9QProblemB22setupAuxiliaryQPboundsENS_11BooleanTypeE
                0x00000000080157a0      0x194 ./qpOASES/src/QProblemB.o
                0x00000000080157a0                qpOASES::QProblemB::setupAuxiliaryQPbounds(qpOASES::BooleanType)
 .text._ZNK7qpOASES9QProblemB16shallRefactoriseEPKNS_6BoundsE
                0x0000000008015934       0x5a ./qpOASES/src/QProblemB.o
                0x0000000008015934                qpOASES::QProblemB::shallRefactorise(qpOASES::Bounds const*) const
 *fill*         0x000000000801598e        0x2 
 .text._ZN7qpOASES9QProblemB8addBoundEiNS_15SubjectToStatusENS_11BooleanTypeE
                0x0000000008015990      0x2fc ./qpOASES/src/QProblemB.o
                0x0000000008015990                qpOASES::QProblemB::addBound(int, qpOASES::SubjectToStatus, qpOASES::BooleanType)
 *fill*         0x0000000008015c8c        0x4 
 .text._ZN7qpOASES9QProblemB11removeBoundEiNS_11BooleanTypeE
                0x0000000008015c90      0x420 ./qpOASES/src/QProblemB.o
                0x0000000008015c90                qpOASES::QProblemB::removeBound(int, qpOASES::BooleanType)
 .text._ZN7qpOASES9QProblemB24setupAuxiliaryWorkingSetEPKNS_6BoundsENS_11BooleanTypeE
                0x00000000080160b0      0x19c ./qpOASES/src/QProblemB.o
                0x00000000080160b0                qpOASES::QProblemB::setupAuxiliaryWorkingSet(qpOASES::Bounds const*, qpOASES::BooleanType)
 .text._ZN7qpOASES9QProblemB16setupAuxiliaryQPEPKNS_6BoundsE
                0x000000000801624c      0x188 ./qpOASES/src/QProblemB.o
                0x000000000801624c                qpOASES::QProblemB::setupAuxiliaryQP(qpOASES::Bounds const*)
 .text._ZN7qpOASES9QProblemBD2Ev
                0x00000000080163d4       0x34 ./qpOASES/src/QProblemB.o
                0x00000000080163d4                qpOASES::QProblemB::~QProblemB()
                0x00000000080163d4                qpOASES::QProblemB::~QProblemB()
 .text._ZN7qpOASES9QProblemBD0Ev
                0x0000000008016408       0x12 ./qpOASES/src/QProblemB.o
                0x0000000008016408                qpOASES::QProblemB::~QProblemB()
 .text._ZN7qpOASES9SubjectTo5clearEv
                0x000000000801641a       0x20 ./qpOASES/src/SubjectTo.o
                0x000000000801641a                qpOASES::SubjectTo::clear()
 *fill*         0x000000000801643a        0x2 
 .text._ZN7qpOASES9SubjectToD2Ev
                0x000000000801643c       0x14 ./qpOASES/src/SubjectTo.o
                0x000000000801643c                qpOASES::SubjectTo::~SubjectTo()
                0x000000000801643c                qpOASES::SubjectTo::~SubjectTo()
 .text._ZN7qpOASES9SubjectTo4initEi
                0x0000000008016450       0x70 ./qpOASES/src/SubjectTo.o
                0x0000000008016450                qpOASES::SubjectTo::init(int)
 .text._ZN7qpOASES9SubjectToC2Ev
                0x00000000080164c0       0x1c ./qpOASES/src/SubjectTo.o
                0x00000000080164c0                qpOASES::SubjectTo::SubjectTo()
                0x00000000080164c0                qpOASES::SubjectTo::SubjectTo()
 .text._ZN7qpOASES9SubjectToC2Ei
                0x00000000080164dc       0x1c ./qpOASES/src/SubjectTo.o
                0x00000000080164dc                qpOASES::SubjectTo::SubjectTo(int)
                0x00000000080164dc                qpOASES::SubjectTo::SubjectTo(int)
 .text._ZN7qpOASES9SubjectTo4copyERKS0_
                0x00000000080164f8       0x4c ./qpOASES/src/SubjectTo.o
                0x00000000080164f8                qpOASES::SubjectTo::copy(qpOASES::SubjectTo const&)
 .text._ZN7qpOASES9SubjectToaSERKS0_
                0x0000000008016544       0x1a ./qpOASES/src/SubjectTo.o
                0x0000000008016544                qpOASES::SubjectTo::operator=(qpOASES::SubjectTo const&)
 *fill*         0x000000000801655e        0x2 
 .text._ZN7qpOASES9SubjectTo8addIndexEPNS_9IndexlistEiNS_15SubjectToStatusE
                0x0000000008016560       0xa0 ./qpOASES/src/SubjectTo.o
                0x0000000008016560                qpOASES::SubjectTo::addIndex(qpOASES::Indexlist*, int, qpOASES::SubjectToStatus)
 .text._ZN7qpOASES9SubjectTo11removeIndexEPNS_9IndexlistEi
                0x0000000008016600       0x7c ./qpOASES/src/SubjectTo.o
                0x0000000008016600                qpOASES::SubjectTo::removeIndex(qpOASES::Indexlist*, int)
 .text._ZN7qpOASES9SubjectTo9swapIndexEPNS_9IndexlistEii
                0x000000000801667c       0xd0 ./qpOASES/src/SubjectTo.o
                0x000000000801667c                qpOASES::SubjectTo::swapIndex(qpOASES::Indexlist*, int, int)
 .text._ZN7qpOASES8myPrintfEPKc
                0x000000000801674c       0x4c ./qpOASES/src/Utils.o
                0x000000000801674c                qpOASES::myPrintf(char const*)
 .text._ZN7qpOASES5printEPKdiPKc
                0x0000000008016798       0x5c ./qpOASES/src/Utils.o
                0x0000000008016798                qpOASES::print(double const*, int, char const*)
 .text._ZN7qpOASES5printEPKdiiPKc
                0x00000000080167f4       0x4c ./qpOASES/src/Utils.o
                0x00000000080167f4                qpOASES::print(double const*, int, int, char const*)
 .text._ZN7qpOASES20printCopyrightNoticeEv
                0x0000000008016840       0x10 ./qpOASES/src/Utils.o
                0x0000000008016840                qpOASES::printCopyrightNotice()
 .text._ZN7qpOASES10getCPUtimeEv
                0x0000000008016850       0x50 ./qpOASES/src/Utils.o
                0x0000000008016850                qpOASES::getCPUtime()
 .text._ZN7qpOASES7getNormEPKdii
                0x00000000080168a0       0xb8 ./qpOASES/src/Utils.o
                0x00000000080168a0                qpOASES::getNorm(double const*, int, int)
 .text._ZN7qpOASES15getSimpleStatusENS_11returnValueENS_11BooleanTypeE
                0x0000000008016958       0x98 ./qpOASES/src/Utils.o
                0x0000000008016958                qpOASES::getSimpleStatus(qpOASES::returnValue, qpOASES::BooleanType)
 .text._Z41__static_initialization_and_destruction_0ii
                0x00000000080169f0       0x34 ./qpOASES/src/qpOASES_wrapper.o
 *fill*         0x0000000008016a24        0x4 
 .text.qpOASES_Options_init
                0x0000000008016a28      0x184 ./qpOASES/src/qpOASES_wrapper.o
                0x0000000008016a28                qpOASES_Options_init
 .text.qpOASES_Options_copy
                0x0000000008016bac      0x100 ./qpOASES/src/qpOASES_wrapper.o
                0x0000000008016bac                qpOASES_Options_copy
 .text.qpOASES_obtainOutputs
                0x0000000008016cac       0x3c ./qpOASES/src/qpOASES_wrapper.o
                0x0000000008016cac                qpOASES_obtainOutputs
 .text.QProblem_init
                0x0000000008016ce8       0xa0 ./qpOASES/src/qpOASES_wrapper.o
                0x0000000008016ce8                QProblem_init
 .text.QProblem_hotstart
                0x0000000008016d88       0x50 ./qpOASES/src/qpOASES_wrapper.o
                0x0000000008016d88                QProblem_hotstart
 .text.QProblem_cleanup
                0x0000000008016dd8       0x1c ./qpOASES/src/qpOASES_wrapper.o
                0x0000000008016dd8                QProblem_cleanup
 .text.QProblem_setup
                0x0000000008016df4       0x58 ./qpOASES/src/qpOASES_wrapper.o
                0x0000000008016df4                QProblem_setup
 .text._GLOBAL__sub_I_qpOASES_Options_init
                0x0000000008016e4c        0xe ./qpOASES/src/qpOASES_wrapper.o
 .text._GLOBAL__sub_D_qpOASES_Options_init
                0x0000000008016e5a        0xe ./qpOASES/src/qpOASES_wrapper.o
 .text.init_kal
                0x0000000008016e68       0xc4 ./Src/func.o
 .text.sign     0x0000000008016f2c       0x38 ./Src/func.o
 *fill*         0x0000000008016f64        0x4 
 .text.model    0x0000000008016f68      0x18c ./Src/func.o
 *fill*         0x00000000080170f4        0x4 
 .text.HAL_GPIO_EXTI_Callback
                0x00000000080170f8      0x148 ./Src/func.o
                0x00000000080170f8                HAL_GPIO_EXTI_Callback
 .text.systemInit
                0x0000000008017240       0x7c ./Src/func.o
                0x0000000008017240                systemInit
 *fill*         0x00000000080172bc        0x4 
 .text.getObs   0x00000000080172c0      0x1bc ./Src/func.o
                0x00000000080172c0                getObs
 .text.controlInit
                0x000000000801747c      0x214 ./Src/func.o
                0x000000000801747c                controlInit
 .text.printout
                0x0000000008017690       0x5c ./Src/func.o
                0x0000000008017690                printout
 .text.pmod     0x00000000080176ec       0x4c ./Src/func.o
                0x00000000080176ec                pmod
 .text.kalmanStep
                0x0000000008017738       0xcc ./Src/func.o
                0x0000000008017738                kalmanStep
 *fill*         0x0000000008017804        0x4 
 .text.swingup  0x0000000008017808      0x224 ./Src/func.o
                0x0000000008017808                swingup
 *fill*         0x0000000008017a2c        0x4 
 .text.setPWM   0x0000000008017a30       0xd8 ./Src/func.o
                0x0000000008017a30                setPWM
 .text.calibrateKalman
                0x0000000008017b08      0x208 ./Src/func.o
                0x0000000008017b08                calibrateKalman
 .text.swingupStep
                0x0000000008017d10       0x78 ./Src/func.o
                0x0000000008017d10                swingupStep
 .text.controlStep
                0x0000000008017d88      0x284 ./Src/func.o
                0x0000000008017d88                controlStep
 *fill*         0x000000000801800c        0x4 
 .text.swingDown
                0x0000000008018010      0x554 ./Src/func.o
                0x0000000008018010                swingDown
 .text.MX_GPIO_Init
                0x0000000008018564      0x188 ./Src/main.o
 .text.MX_TIM2_Init
                0x00000000080186ec       0x5c ./Src/main.o
 .text.MX_TIM9_Init
                0x0000000008018748       0x50 ./Src/main.o
 .text.MX_TIM3_Init
                0x0000000008018798       0x50 ./Src/main.o
 .text.MX_TIM4_Init
                0x00000000080187e8       0x50 ./Src/main.o
 .text.MX_TIM5_Init
                0x0000000008018838       0x54 ./Src/main.o
 .text.MX_ADC1_Init